runtime,round,tx_hash,to,fee,gas_used,method,evm_fn_name,evm_fn_params,error_message,error_params
