runtime,contract_address,gas_used,created_at
emerald,oasis1qp2n5crda4ardp34y2hefrzj94hpnwz8mvclc89f,,
emerald,oasis1qp40vf7w2etyhfqaxeq9hx8zngwyfz9s3qj38gw3,,
emerald,oasis1qpal7x2mn0d0jqa7wtyh7wf3klftp6aufcgzjekt,,
emerald,oasis1qpdjtgwrh5q4r9vlzkkvryypy6y67muw5sa6r60e,,
emerald,oasis1qpgcp5jzlgk4hcenaj2x82rqk8rrve2keyuc8aaf,,
emerald,oasis1qpp2qztm74z9wjskcpja0er2wgp44sntryzzkag8,,
emerald,oasis1qpssvkplnlpzdvwxpgmrhf9j5lkyvaylcvujhjhg,,
emerald,oasis1qpzdjjhnhddd2ry46hnemw0ahanf907xdcg77u6q,,
emerald,oasis1qqaft65h9j07l4salzrdca4a2k5lnzxc8uu8m6tk,,
emerald,oasis1qqehgt8jfnczmku5hazxkkprw5nqqk4nvunx9zf4,,
emerald,oasis1qqfmvrywd8alavrcddyhx520xsa0mku70vf5e0az,,
emerald,oasis1qqkcynmpm5tj9thyfq0fg5k2slvdap9teu02n77d,,
emerald,oasis1qqvdrgwdyxufuhffsywqycpt2mqcdfc2h5avfnkw,,
emerald,oasis1qqz8706pmf38wmptl6dkcaec8yykw0rvfv7ql6fc,,
emerald,oasis1qr6knzrz459jc6903fxz6uyx9r5yjz5g0gz3fp2k,,
emerald,oasis1qralv8lscq9uu3fjnr5hy8xn9fnlre2dms6hss9p,,
emerald,oasis1qraw2wc4fgwr5mrfztm6ke460d5qmeh70yzw4clj,,
emerald,oasis1qrg90d4qlelg5zg4q4sd4y0z8j2lpjpvuspzjlyl,,
emerald,oasis1qz2rynvcmrkwd57v00298uc2vtzgatde3cjpy72f,,
emerald,oasis1qz5psjrn94jrsa4k4fkjwjg39uga0mce5cuaj9la,,
emerald,oasis1qz6uvey3ge99kvj5z8yl4hs635gunehyc54adgk6,,
emerald,oasis1qzcf8p8asg8htf2ht58khq3hh8j88sct3qtd4whv,,
emerald,oasis1qzdqfu06mgwpad0sk7p68ff5j0h9vkssk59tf9jg,,
emerald,oasis1qzj2hwfs3yjm20jz5h70yk3etsst0k8s3cnl6l08,,
emerald,oasis1qzkrq8jrrt96fzxq8j0z88683e4vhf4a5cy3qrc5,,
emerald,oasis1qzpxtzc3xphccjq94wxffchfc5sua5t24vc6gvt6,,
