runtime,round,type,tx_hash,evm_log_name,evm_log_params,evm_log_signature
