id,address,meta,logo_url,start_block
0DUAc3vxh7ASCqDHfD3Sf/V7CkyuY7PRKcXcc9XKC2A=,oasis1qq7fn8e5zcl2q0x6t9a77ejgagt77anvhv3xlerw,,,8048956
0fHB54RNBXW+3YuIcmJ/L+WVElKnl9d41+Kdq/rAatM=,oasis1qrcaq6fgn9dnmg444asts3qkutur24hvpqp7luwa,,,8048956
0t3HGVPQy3EkzfK5gl8BqARjapu4qhKx1zDQLH7pEXc=,oasis1qrhr9cdr0e8vyz2gmacyvgjs5ts5xfzz5s9hr7kv,,,8048956
1aTTEfSIcVxsPS86uIA7rSD2Jmb+aIVj1grCEjyzlzQ=,oasis1qpwrq93z8s9ytu2hfjtqggc9edgwfadzevs3trvm,,,8048956
1F5chbXR7ahScQCa8DKnOCbQJ3UXpDvzh5uPUhXc/OM=,oasis1qq29xfkqdkqjxtnp8rfsjrzlp97gnw70cyh8acvq,,,8048956
1JttHp0rBBBHDOpPl8fAiLTcN9tUzxJGjk7llFcvhZQ=,oasis1qresj0vhmwawll6fe2vw2nlapkp6nj6etcx7a32h,,,8048956
1Suw6h7Ge8LUk5vr3rBynUKWC0Sjs6X+A9jMWRSU+Ig=,oasis1qqpxw4qdhuwhqzuftsln2cz5rkevl5ehgv5jy5qa,,,8048956
21+iPu/omYBN7X5cUY4QnD4b9VVuAiW/u8uABqt2VjM=,oasis1qpaygvzwd5ffh2f5p4qdqylymgqcvl7sp5gxyrl3,,,8048956
29VJbrrthqvw/ti3Vj7cASwkM9VMVa/RTKiwMBdWDQk=,oasis1qr9wccuk6pqcr5ld8t2uf599e4ch5348hqeq53x4,,,8048956
2bgTFAzVLsQuQnA7cNn/pRLJvemueq/73GhzFFDVdZc=,oasis1qrgmg0t3zxn4lgary6w227dv6c5dl55rfvh6p6k2,,,8048956
2lmcqqXwGzeje6jGosIJrDKAe+rJXn9XcPcF7ezsJYw=,oasis1qqzh32kr72v7x55cjnjp2me0pdn579u6as38kacz,,,8048956
32KS5Z9LWTD2UEUOqhRwZyJvb0lb12iiE9UYgoFjsKQ=,oasis1qzu358mpd4z5frmrq6vnwq87cqfvdmfxh5ax57cj,,,8048956
3DRMMM7ye2HREvk8zz06OjMG6BuWjs84PLdSYChNHAw=,oasis1qpjuke27se2wnmvx6e8uc4l5h44yjp9h7g2clqfq,,,8048956
3GVJFon61O9YEczxj9iU2MsE78eN7d0H+qJyItqooa0=,oasis1qpfmj8rfwmzaxnng6n6h9jrtd43hq0radcmdg05w,,,8048956
3msqvkyk1oqx08+KGUoLlvHoicIr90qZIsm4/nm37lc=,oasis1qzjp96xfmfauvpe6sz99r06q9tah8utlc5lkqr9w,,,8048956
3NKMT/Qz11e2xklwSCV/zeawLE3BIO/Rn4LfaV47QJI=,oasis1qppjm5sxqwps4dpyekdvz530sjmq3e5eusp7hdan,,,8048956
4g2p36WoOzdHyXq6tOjFb3nv6y90/zyQcb1eQcy5doo=,oasis1qra3rvq7y055waxmnx8rc0nad3frr8na2s9l8l3f,,,8048956
4gbOOU09bcyvM53Up1lTnP+sLb0feniJu0OcUUPCBSs=,oasis1qzl99wft8jtt7ppprk7ce7s079z3r3t77s6pf3dd,,,8048956
4jJNfvGw7aYCIejCZNzTf3cFc+ip2jLzAhVtP8iEN0I=,oasis1qqgdt8ajchz7gytdh7q2yfk0xmq93mhn7g0l2lje,,,8048956
5WqDZHrVEpndCoC+QBDbFRszZFXInkx3I7mzF4/uqcU=,oasis1qqzc9cet7l8z63h00vws283jwhjewkww9uf4fye5,,,8048956
6reBpCKHsqMX1Y26o3p5V+95in5ka16I969CWyiRudY=,oasis1qpg763ex50jp0e34lsu789smlzqvcv7025v7m7yx,,,8048956
6XvrCu3wqMKYc5a0d5UZzG7ZGeb3j//MzcqUMUHkMCk=,oasis1qryreqam7w0slj7rhz70g9xvt9rct2024cepgqjj,,,8048956
7DwKCCQV9THNLyTELQTBCWNPIHZJdAq7qGk1D7vx2zo=,oasis1qp0j5v5mkxk3eg4kxfdsk8tj6p22g4685qk76fw6,,,8048956
7KdtH2EdgZ2VtQvWRIVNbiYYE4uQptw9CvGf7lGm3lQ=,oasis1qza428eat7ppvamd33ry7xs7tlqslqnydcrp70s0,,,8048956
7n6AYdYIuGar561yxifDtrR9NVekDavFlpeHVZinCSc=,oasis1qzp8e4ldf9zq27jle847nawll5jwwa9x75y6spaz,,,8048956
7nCBfl1vRS4kn7G2yJZeZdwE8OFA4avUphWdCRrFhJM=,oasis1qrcmmvgf7qt8pmy543dmz0muwcm752kleund8rwr,,,8048956
7xn53Ajjz6o+zD1MuyHqtCyT7gWBrcmb4Ldk9sFv3YM=,oasis1qr5qes9qvpuccx62k0q5s5lstl07rav99uwm22jg,,,8048956
8rh2lgEm7QscCrLkVqcLMkRxfbNDIe+laI4H8nI/d74=,oasis1qr5f26k9rnfa2pg6wgsuljyq7lecej3gaqqhyra5,,,8048956
9D+kziTxFhg77+cyt+Fwd6eXREkZ1wHw7WX7VG57MeA=,oasis1qpn83e8hm3gdhvpfv66xj3qsetkj3ulmkugmmxn3,,,8048956
9+lM5vQ1g+cVzjaNM78gxw1yUegVj57tHDbpN7DKIvw=,oasis1qppctxzn8djkqfvrxugak9v7dp25vddq7sxqhkry,,,8048956
9sAhd+Wi6tG5nAr3LwXD0y9mUKLYqfAbS2+7SZdNHB4=,oasis1qqekv2ymgzmd8j2s2u7g0hhc7e77e654kvwqtjwm,,,8048956
9yOiPY3NnNMpEzB+6XS/OqahzFwwX8mFhmT2fvbxlVI=,oasis1qr9zuf3n8g3znm786st3sldfw677pk3a6v85w9ds,,,8048956
a4OjOCh3W8gDV15t2a1VQ2Nz7PABO262435/89jo8pE=,oasis1qzaracvtpgp87frlk9jshdcu8aczpsrz8y94jjg4,,,8048956
Ai5UA2ZRvGm8rDWMGn7t18QX50UiSU+7ahq7lzTRKwg=,oasis1qr6fr4effjgztms230033me33ycrnf0a8cv0a7xp,,,8048956
/AI8TCLc1a5U98yBoxOji5bheVT1pc75v+tGDdM6se4=,oasis1qp60saapdcrhe5zp3c3zk52r4dcfkr2uyuc5qjxp,,,8048956
aiTgGyYB2l4uAMG93Ajq5S4EXPIRkYDg1ICLjWD45Ck=,oasis1qrugz89g5esmhs0ezer0plsfvmcgctge35n32vmr,,,8048956
a/LVFfoI3aRoasZs6tP/Lvn0CbG6RkvEFYHcVR/Vo9M=,oasis1qrxyndkhehffdme39urcp2v7m2t7k06xwsuyaxqq,,,8048956
aOefxt5MUuXEbErxpD+ZttJWh/3d9if+t+PBTeAgKpo=,oasis1qz2rxs50p4kn537tcupjhg7ad3zcm9s7uuyrrd9e,,,8048956
aSd61GOCadMrmMT4ZvJvl9JPYRkQxOeBWO8ZLW+Udi0=,oasis1qqcf0zn6a9d20j99cq4pue8xx2dkp7d2uv55nz5v,,,8048956
bb1zWp0gzS1ij1OY3KzxC0BJNdqkAiJ26z3iD8slt7c=,oasis1qpqz2ut6a6prfcjm64xnpnjhsnqny6jqfyav829v,,,8048956
BBba0XfI4WSTroE+/YGcFthxbEC5jQJhWhl0jIBwke0=,oasis1qq2kqzr4q942x44st97n66nmmyh7dhsuvsqyc22u,,,8048956
BdSzNycR8Y3MdHooxU0vtOEPr3ZG9KD5p8wxHtvueUU=,oasis1qzzwkrjmyrzey46hyste5xszue3ggy90ag7k3687,,,8048956
BgBsi5dWiR97nyu3OT5cS2f4z4L9DTknMBSCWvk7P3c=,oasis1qq5huvjkenm46zzsvgdt6evgjq6h7xp92cdh6826,,,8048956
BhVn8vaynXJqNeqwE26N5HeqtvxlbrozavGT26sG5ik=,oasis1qz6j6elhypc70gv8faax3rlpv8ygx39grc55lwwm,,,8048956
BkBqXMdd10xDKn7b/iIXycHLBaroci6xoFxoEN1kQ+A=,oasis1qqqn56k79st0zy4060m0wvmec76vd3pl6czmg90a,,,8048956
BTAJNDyd6/UQ+pfhTDdPGsothzJ+C5/C/g52a3DIlMw=,oasis1qrgxl0ylc7lvkj0akv6s32rj4k98nr0f7smf6m4k,,,8048956
bTok0el8GbmUzTAAgcQ78uww/TsgeWwXpM3N2S49qBQ=,oasis1qp4f47plgld98n5g2ltalalnndnzz96euv9n89lz,,,8048956
BzbHcCS9lWqJZCgKg/OJm0q1/OaJcpOiwpcxJdGvaag=,oasis1qzsp62l07fqsxgdeqszwz8hm34hhwem9ny73qnpr,,,8048956
C7he7BJPrgVrsGRm4m+OFcHlcNYOEPSGeerxvV/BsBA=,oasis1qrzkqzvlw9xgyxhhqps746ssyhn5lkqrmcgz8amq,,,8048956
cgXH87+sYoe2mXsdDKWCyRvWZ8JqnVnxJkCq09LlBoI=,oasis1qp0xuvw2a93w4yp8jwthfz93gxy87u7hes9eu2ev,,,8048956
CNx8AEfm9Pk15bgu5VnqVpFEAUw6vau55Trdz6rZbXI=,oasis1qrtvgssu2nxtnxdsgcgkmm2tj4pq9c0fy50ecazz,,,8048956
CVfNUjUCwqsvvfAG0b7ZxVqevF7WTuUBDvslWOkjcIM=,oasis1qqzvrnpu4kw69wedg5g7mf8jy5tzuhu9vchpyh0j,,,8048956
cVGc1fI6xu0WeI2GUrLIwDpH/JtBE3PwD+P66YkSKg8=,oasis1qqw05utlqvf2ska0fyjf5yr7peg2z4tuxcjmqztp,,,8048956
cxB3USCkM0ACAMQZtoYWUrKSm4iI9ll8t3yY1Mr1E6c=,oasis1qqa6tcu2w0x4ucxyhq4wxp55m0f08wwpjca43703,,,8048956
D8oCKJab4LtOMQJR0YQZXx+fMw6QHyTiv3YCfN8tM18=,oasis1qqf6wmc0ax3mykd028ltgtqr49h3qffcm50gwag3,,,8048956
DcplOZzEDthLHtPyjbtn9nldfzZ5b9r8EJFnD3JTGMI=,oasis1qr0acnmfrjkga5e578h7y3v2m2g7h85t8vzl648z,,,8048956
DIbPacWGEiealk+226eYEafYmKJpD98PYoWp/tcPXJI=,oasis1qpsnzv8qz4fu3lwps2tc3eg5pnryzl4h7cqxruzf,,,8048956
+dkArz44TMcBjJjDbxZG+dGsOf627bO682jt5bWyZF8=,oasis1qzws86jlwurt3e4vrm9tmywgpamhn7l8mglrxl6h,,,8048956
dUF4nN35B7VmJllLtIID0HwyjVCXzGmAk+og9hpAARY=,oasis1qrc8s2trrm9zgha8wq636yetx7sxjf7x35pf3vrc,,,8048956
DUPCXhDoLZfOvZXBcK/dEgXdtuDmKeSKaETPXb67TFk=,oasis1qrt07xfajnree25q27dxnwvmxs7drj4g3sknwmh4,,,8048956
dvRcK8lX+m+Smg6tmmIIjnxzbMKetnervEro3W6gWGM=,oasis1qztsz3v57fgeyznckxe0rpah5wezr352ec8s0699,,,8048956
ebM/TU7AKmvSyFXr/xwb4YtZCc0450sSgqyq1065o8A=,oasis1qqjcmrjz26kxr2excl726ft2eu0j0y3mluk2phuz,,,8048956
EOsC+ZdDFqIyC41QlxSzRem69xfzwIT33hRu0pp4Itg=,oasis1qzl8w5ka9y3p8a8gqlemqk98hzc33sn0tuezyc8l,,,8048956
erpPSkQwGnb9j+/qqyJmeRK2e1mhJc/Do78jNdpPjk0=,oasis1qryc94hn6hucev6ex79ceheve2pjesenc50svvvp,,,8048956
eZuacXy5s3/nolB/E3gF4vqUYdvfOlVaaBXGfZcGwKc=,oasis1qq3xrq0urs8qcffhvmhfhz4p0mu7ewc8rscnlwxe,,,8048956
F5eduX4m4O/ot3UcFs3iQk1ZPUuG43kuxGI9sZz95uU=,oasis1qzmwdlxy7cltmwt99u9pwqt3g0rdwgsqyvcqymmt,,,8048956
f+bXgST79DjaefQl2lIVGvPitcfi2sPGEeQI+JMIREU=,oasis1qpjtunejghp668wcs0k3dkp60z49k6rkuywyw0gt,,,8048956
fC7rVtrodVqE5rk3cy60pNGOmk8CdABar7+OdEVwEus=,oasis1qq0lrzantpn5a4gx8ej7ampfw25cy8z78vh4uep7,,,8048956
FDqRmM1FyhaGas+lquWmGAKgMsU2rj7UESAlnOHtxco=,oasis1qq7vyz4ewrdh00yujw0mgkf459et306xmvh2h3zg,,,8048956
fhXoWYc8Ml153jBBvFrQ4CRY7vnbCk9j269rVLeg7cE=,oasis1qz0pvg26eudajp60835wl3jxhdxqz03q5qt9us34,,,8048956
/Foi5kZdBc70HPmlguvY6AzBILNrNiPDgKQLOITuIEI=,oasis1qps9drw07z0gmh5z2pn7zwl3z53ate2yvqf3uzq5,,,8048956
g9UqzvW6JvfKrflRKbCPBpm41rH/O+4apCK+KkD2tG4=,oasis1qzk6qlmgnq40cq2n3jfkw3307feqngt4gvksfml6,,,8048956
gb8SHLeDc69Elk7OTfqhtVgE2sqxrBCDQI84xKR+Bjg=,oasis1qpgl52u29wy4hjla89f46ntkn2qsa6zpdvhv6s6n,,,8048956
GDWO0+R7qSrWB0bvT+V2Kz6vlHcm6ZnaNQM2/FsFqEA=,oasis1qzv7a0gkxwpfelv985fvkl24k7jh3arfwy84zw7q,,,8048956
GeIZNyoTYw9cHMb3QzW2nA2yQ45Nu08IkqxY2i3YZ9g=,oasis1qpwz0xvgz4nclgx7zd5s3x5dc2xnxex3sukxa3vl,,,8048956
GFuNKboc4wNDdYiWZPyL9cvmMI/xhdTh19NEVCB1jxw=,oasis1qzthup6qts0k689z2wy84yvk9ctnht66eyxl7268,,,8048956
GHeH3rj01wkAeQk2ghpQ00VucabZr7NIr75xXAJ6E2Y=,oasis1qqm6hnxzwm5h04zqh4fm0w2eygx0kuj9rymg48m5,,,8048956
Hfma8LMaOHjpU6uYOp9TxqjY7ZW5iS8eUjyImo9H0/o=,oasis1qr7c0pta4h9666zmpl52j63sthzfw2hszvp2de3v,,,8048956
hNBVs2ay1IWvufQwX0TbYA6X4ocKaMpzpyaMTHggi6Q=,oasis1qz8vfnkcc48grazt83gstfm6yjwyptalny8cywtp,,,8048956
HPeLbzc88IoYEP0TC4nqSxfxdPCPjduLeJqFvmxFye8=,oasis1qr3w66akc8ud9a4zsgyjw2muvcfjgfszn5ycgc0a,,,8048956
iciuIKbNHSNEETzbO/Ah+BOlIqXe75onDujf4CXW1sI=,oasis1qqm6l2msa0lhp080wmd0xrudzpusqjp4puuusup5,,,8048956
iGs5cCGos/I5KQv82MwgGMNENaxy3bhuWdFXtINcu0U=,oasis1qpavd66xsezz8s4wjw2fyycxw8jm2nlpnuejlg2g,,,8048956
iNKCs9v4NJCuApCLPD4bRBoqTs/5DBxS0hourBkhxQo=,oasis1qp334gzlzrap6k2ch6wc9vxxplw9sg3v9cfvvgsy,,,8048956
ipJJSOs8hSh/+RlsNTkupzm3QIH8S6xGdFdf3hgDTAM=,oasis1qp3a3ks7r99y3u7702ler3euxdp33d3h9s5lhp34,,,8048956
iqxcbsETLiI7p8hycMlqTn+y0MUvuIblNEVLffBGhNI=,oasis1qr2zw0l903skt999tryu2e99v7t4g20hxc5nka9s,,,8048956
IVW4KEQECblM3Un9SjSRjYbN7zd1+6QXx6dVWzYvAgg=,oasis1qpp6s22fa3l86enkye5wlu2jgp83zrgspg4fzlhr,,,8048956
IYoCG9YW+623ri5Mgzr0rcrnJTGaLhTeq/JdOzMx2Mw=,oasis1qp3rhyfjagkj65cnn6lt8ej305gh3kamsvzspluq,,,8048956
izy38AmUeU4b4L23kVy4BlxbkHGOPy4KPSSLnJglrV0=,oasis1qz65awwegd9pr8msfxkg7hpwyjemm2qdlysyc8jq,,,8048956
J2nwlXuYEPNZ0mMH2Phg5RofbZzj65xDvQMNdy9Ji0E=,oasis1qz22xm9vyg0uqxncc667m4j4p5mrsj455c743lfn,,,8048956
J3ou5m1abrwcbYwTksSj1Hj21QoDjyrSkjB40rEKV4E=,oasis1qqnmppt4j5d2yl584euhn6g2cw9gewdswga9frg4,,,8048956
jzTWYikeN6NIuMQ6l4iqdDOF9jyfOJG2FcnQaNBn9+s=,oasis1qp4rp7adhegfktyg4aq3w6jelqumx6klfv5t7kvv,,,8048956
K1/F2dGhO7rrCeOVuLyBQ180t5ZkfBvqEbA/LIwbgI4=,oasis1qrljxva97z9ak4a8d2v5fpc42xmahrw535z6589m,,,8048956
kB5gBbGmOIl4XW1XPBBWSSURZuPYpnYZHjuwui/rU/U=,oasis1qzfwn3erkpj292chryvz29f94ssmzxvfwvj2euuw,,,8048956
kDnNoOhBYRQeI+l7FT0XD2NMiDOAyz/GSSRozg19VaM=,oasis1qp6ela294e5nkay37n039fw8d50k9kygesxa8mzt,,,8048956
kfr2A6K6TlvhQm4nz88Hczzkd2Aq5PlkxSpnmUUBAFs=,oasis1qr0jwz65c29l044a204e3cllvumdg8cmsgt2k3ql,,,8048956
klORAmjq81QKiUA0CsXaANxYVesTWM7CKdaSlm7u9tM=,oasis1qpxpnxxk4qcgl7n55tx0yuqmrcw5cy2u5vzjq5u4,,,8048956
KmMS+RzjQ9vm9J2aX9YihJnmmSc/IBquCysbhPxVDFM=,oasis1qqlq8jplttrmw982rrhp0svl8054xqevecks5yqr,,,8048956
kN01v7L/wv6hvrd1ak83pgCedGDnpgbGJVkXezhUUJ8=,oasis1qrw82ag2sypeytse9x9k4uxym53l5lc5jyfs2sxv,,,8048956
ko5wr5SMqhKb+P1kimM1EF/T4SqvW/WjSOwPHigQl+k=,oasis1qz72lvk2jchk0fjrz7u2swpazj3t5p0edsdv7sf8,,,8048956
kupW3Pt0XMeERSkdDWyZMU4oZrk0wGysVXVyqX3rylc=,oasis1qz26ty8q6gwt6zah7dtt8jpepvwnttkg8ssnxjl7,,,8048956
KVsiBHzBommqe0VwchA2QHqp/JT8B136up4Ru+r/xkg=,oasis1qzm74el4utw4jssrl95ujq87g3ks3xfmjytvtaaa,,,8048956
L4OY/0mNEduAS9z6jh2xLp72b8gZURgcrd76AOiRIXk=,oasis1qzt4fvcc6cw9af69tek9p3mfjwn3a5e5vcyrw7ac,,,8048956
LaKJUKndAqH57DVExspTjdRTRNGJOSqArzM0pm8REZw=,oasis1qrmexg6kh67xvnp7k42sx482nja5760stcrcdkhm,,,8048956
LFxni1vOSZ2JSce6+RVIfAhujhja5PunF6AzLEPAdI8=,oasis1qqdd4nmtcmarf4u9gdg24swxhec52du43cxzf302,,,8048956
lfzsZzFZIbw63il5j717FjiVwsphYQG2/oU97ixEJgk=,oasis1qzw5j0rxw9xdgt97wtrwrwxts0x7w0vk0c2gewtq,,,8048956
LLx3nfHQQZtNdZRBnVkvZzRw4Ws2AA4poIDwx+IkxVs=,oasis1qqfhayfeeecjcfzgp2wwan3xcvfkr50ructphafk,,,8048956
M0EuGvS20xIjGSghpFrKGOTuTC6s8S/NAkun2AVJ1mo=,oasis1qz0tqva49ysnjk2p7xe83qfp86khxwms8sc2wf6e,,,8048956
MfN+qM5pwFRl6i/UVDSBll2UB0D6b2vKy7He1g5CEok=,oasis1qq4jqh66ga62pe9td5zsnfge3c9rfp6zucjr03q8,,,8048956
mQhANPn4RJQUTM/wkTf71XRzGZktobGV8WaLJFVvtVQ=,oasis1qzz8zmehzgcynlueydeqfax9cznzdw3lvgark5h3,,,8048956
ms7M1v8HfItCnNNJ0tfE/PsYQsmeD+XpfGF1v0zR2Xo=,oasis1qz8u0zqhcmgxalnjgwj6m0sg6wuy2vrsgyna2z7t,,,8048956
N+3/m12DoAqzFS0yF3R/kXSkSj7pZnWhq8nRCo/MKwk=,oasis1qp53ud2pcmm73mlf4qywnrr245222mvlz5a2e5ty,,,8048956
NlnPkaqEH8+5We5bdBGHWybZsKpKNo3nLjWgn0JMxoY=,oasis1qqxdawayk4jzpcsa5gc3hryql33thjseus97gjrc,,,8048956
nw+8VTk+LbrZ4mSmeKYuQGu/swFgAOpPB5ls4STzh1g=,oasis1qpl883gp995zs9n6a279tqsavnaxxf0rzcdlauwu,,,8048956
nZoBfua/odt7fZThkfzGQo2oBp8UnEj+VpG52SB8onM=,oasis1qzgq240adkyxhm6598ex2jvgs7lyx5wmtg7cszmk,,,8048956
o8leC3xb2Wsrt3FwX33R9S9vKQJR8zPBSB62YyNRAQc=,oasis1qq58f3mqxt6htvtxcayt4zfshysj36zksvwkmjg9,,,8048956
OIjlSmHCzONkkov4QYyj7agFaS5FSCq8mX0yRzhJRIo=,oasis1qryuak975pqx5vsrxtkk3jfdd07wj7nzr5dzffhe,,,8048956
oOVxTw2hEYgYvSrTjjKODCt/Soy3OLcQV9YBy/PF/xY=,oasis1qzf03q57jdgdwp2w7y6a8yww6mak9khuag9qt0kd,,,8048956
oPekghIahmyMUzB31IFbXQd6DKdo7lnOYsXIppK2IWU=,oasis1qr8al5vcpqzjspdl8yt27fqc3pydz4alhs0xqp5e,,,8048956
oT3L7RJVJ7k2dBEGfVAP8/mdE3zoim4D61POvlySQs8=,oasis1qrrd9sw5mf7z5yn8haltaqrkemd9qm7ldvzrumqs,,,8048956
OtnnPxG9U1V4ieDWCuqBsr4BziYAmw6IpFBpa3CpKPE=,oasis1qr6qp6cz3hnzx3yweyll7rne79ctfalrlcf5qj09,,,8048956
p1VsfSsedbKn/5GzkPsr15XD+/AOIfbPda1/2yT84N4=,oasis1qqrv4g5wu543wa7fcae76eucqfn2uc77zgqw8fxk,,,8048956
PJalurwzZ1pBwWfAMpjM6s/tAdiTrZnjkGoll4gmCqo=,oasis1qr87t7j3csez6jknwr4ksjn4u2pwye2ku5xjcjcc,,,8048956
PkN8wpUKIlTUOtK0vKfPLd+xNVFdIB8Za7+4/yx84dg=,oasis1qz86vltcdhjurzuvzfhkku4yaf7vf2umdvpwmtlv,,,8048956
PrCDIA3uyoLqNOZJ1PrRWdyviFn6K0PWFz91qQ9QyTw=,oasis1qqyynj90zkvyhja33w4ltgej45pr48f45ymmnsrx,,,8048956
q6W1C7CwWrurBe8NuX3mocR1l6obMQUlg5aOgJRKQkg=,oasis1qr69qkx36k7mf7lzgy54pmrs8rsg7nst5gln8zvh,,,8048956
QNXjdhgd/NSfLbHeZB0n8yv5dSyl6jm4MSHjjduuj5M=,oasis1qpg5vq3jt6djfw5rq9l8kcwkt4s7vmjn4vvxujwv,,,8048956
RDCyARTIdpiG75L9vVXAYIhRCToSrchZkv3JUW3Pji8=,oasis1qztpm422n7v98f4s7ja0wt5jey7fy3xpg5ye2vtl,,,8048956
RFpWeibJDHnfgoq9mO1BJcxyDbIstDi22ZBhvgXvE1Y=,oasis1qptk3ydjxuq3eenqwljdy45uxdye5tfg4sqar0fz,,,8048956
RiLoc3Wcvxagoqyz/vlIDeOGYuS8FIfUdt9cd7UwtG4=,oasis1qps7mh7usg7u4t35ujr0l8dxjs2ly2swhu9v0mr0,,,8048956
RMa2ER0wvraR+4u5QOGOrRTwmMVOYNcOot7sFppPRP0=,oasis1qp9xlxurlcx3k5h3pkays56mp48zfv9nmcf982kn,,,8048956
r+yk07pGQ8gi9CiMZX1skI/nrrHyRXMpALFs5YWj/z4=,oasis1qzf7u0w4ueuapvppslgufy02hznef0l8lvhp4q9p,,,8048956
RZowTXmfT+b6H6Vuz97VECIy2cq8tytTilv8AxbtvO8=,oasis1qram2p9w3yxm4px5nth8n7ugggk5rr6ay5d284at,,,8048956
sDi9ZxHYB+rHTpVh4abNFXDMRSecfGe4QzbyGK8ZgQg=,oasis1qqewwznmvwfvee0dyq9g48acy0wcw890g549pukz,,,8048956
sRg0vKUArSC5xnjLmRTzIhVuny63VeHUizpkWnRfhkc=,oasis1qzrjsupecrjmvyfmg0aqz75sek4x7dn4ggchqx28,,,8048956
Su/yJtjZURWNw0J4K413YghcNpwehvolWUDbvqjbwWg=,oasis1qz04lk6qzm9ml3ff4qt3f7qjepdqh4l6dyr4lsmu,,,8048956
sX/HVyq+fWT0jVzIvIHJSAjTv1WtMKGMeWtVr/Wq+ug=,oasis1qrwxcth2c6njtyan2vdt7k9ra2xkmadmpv7v9387,,,8048956
T4nMwtYOti9WSO96E2iRRvSDgRmbX03L8pvsaBEvCFw=,oasis1qzzryyckptmgxxnyvt05twjufhl3ah0qtgcf4n8l,,,8048956
T5k7PtOR01oZrdnZveDpO9AFpMUhEREZk7WSSfm8Gtg=,oasis1qzugextrcdueshq63w7l9x4xglnusznsgqa95w7e,,,8048956
TAv9qXjV4yBphnKLJcNkzois1TLoYUjaRPrMfY58Apo=,oasis1qrvmxhcjpjvgel9dqfs6zrnza3hqjpa6ug2arc0d,,,8048956
tcon38rBr3dHmURuXOTUFpDPKwE4eOU82F121rX9esE=,oasis1qqx820g2geqzeyeyfnm5hgz72eaj9emajgqmscy0,,,8048956
T/PgHnTLIQmkrPpgdAcPTHwKVo0/0EcYmVx0EtMpyhI=,oasis1qqxg9s39jfqwhwnnv3nlpfzvdv9hqw5n2gdvuj3r,,,8048956
trheWccoAX4yy4FVnTBdt4u83GGHbgWs1gy6OBifClc=,oasis1qzl58e7v7pk50h66s2tv3u9rzf87twp7pcv7hul6,,,8048956
tvPlmGHv5aokL9MMBqNAkSOygldJIlRTmSIvCwuh0rU=,oasis1qzc687uuywnel4eqtdn6x3t9hkdvf6sf2gtv4ye9,,,8048956
TWLcdgEfahwyFPTC7nN3rZacPO2aXlLfZIDt7uXbzEI=,oasis1qqxqhx9t52rsevhhtfspdxp4gsaft6ewyyeqnqy3,,,8048956
UC0Aaa2Czc25G5+X2HOio6H0wQuBJR550chCE2kieN0=,oasis1qp3fd5rplv5uh6nc9vn85ejeaszewjv2xgvfts07,,,8048956
UDV5FoaIkssdSFWC4asZtxvsyagoyrIS5rPX8p/np2U=,oasis1qpqz8g88kvw49m402k8m2r6nv4p62vsdkv5d0u6r,,,8048956
UFXCpcvXBOHbxtObG4psGcn+LgZOedvDDUAqVengpPk=,oasis1qrs8zlh0mj37ug0jzlcykz808ylw93xwkvknm7yc,,,8048956
UkwjS1YvEfHx9b6MMT5Q1WvCY3aWn2lxRDsB/Pw+zGk=,oasis1qrdx0n7lgheek24t24vejdks9uqmfldtmgdv7jzz,,,8048956
uLdRXRMJnSt505UaLrYgIxApHsoyaCR8jfBqSkUiZjA=,oasis1qq6wlr5d26sycqylekpgd4wspgdg5jmjasldzrmc,,,8048956
uVqnD+OWAA8AErx0liDAuqwoJiWoG7qBfblDbqstxcs=,oasis1qqpxy2vp0u2ym4jltdafgrjxuh9y9fap9utzr2wg,,,8048956
uxSkvFu6x4MIYV+M1VrDu3m/qbADs/1Ae3mWAcEmnaQ=,oasis1qrtq873ddwnnjqyv66ezdc9ql2a07l37d5vae9k0,,,8048956
VFhAljTsssfL4wQBGdFqZb00HvxYvbr/BS4i20odc3g=,oasis1qr2n6vk3zexszt5vvfv0mpek4emd8nhc9u0pdhsh,,,8048956
VsrHPScBde1FUb+BDWONvLxxwKOKevLB7FRbUAaiF+Y=,oasis1qqs5wnxvsk009swtt7ehm5fslxve96kczszwt47s,,,8048956
Vt63FfFzNMgUngrMvnKks+icySi5LwkjniJEJMZAimM=,oasis1qq4f2h225gv6g8w8w23fm740aze9lke4qun72n59,,,8048956
WazI78lMcmjyCH5+5RKkkfOTUR+XheHIohlqMu+a9As=,oasis1qz0ea28d8p4xk8xztems60wq22f9pm2yyyd82tmt,,,8048956
wCGlLKUiTNr9Ba49YA6dDuqm9rdtPcKKsKzHqMBn+rc=,oasis1qzzytegg6jc7hxu6y8feuzkgmr75ms7hc54mz85p,,,8048956
WKCE1sMmJLe+DsdIQBMkPiKEgBpAQO+PjCeWjmLA1EM=,oasis1qrflth3g7k0ymkut2zrca3ktagw6g882yvqmgzdv,,,8048956
WqBX+RyP1S8WsCuxrkwk1KUEqpPxkMSYyvl0rjL+NCo=,oasis1qp4ajz4vdgx3ze42ulk7m0jkxfstqcl87qymg9nx,,,8048956
WXs7ElBlm30la2fG4oZDpubeFu5sKkjDVeflWo+YuIA=,oasis1qql4alk30frfa6xua42eu7tynkqf9vd5ug95yqpn,,,8048956
xJ0RWfXPtf6eN4TstMR5vJ51SLJl476kcX2p52Ze6F4=,oasis1qzufmg23p7jprqmptvz0vyn69c7lk6vfwuz8xapf,,,8048956
xQN6ffLSdc51EfEQ2BzltK1iWYAw6Y1CkBAbFzlhhEQ=,oasis1qzp84num6xgspdst65yv7yqegln6ndcxmuuq8s9w,,,8048956
XSQLBoubhOq/X86vKIj4Xzouo1Fhe39+kLF/2PDgKpM=,oasis1qqr8y5cez0aczdlnfp9fre82whjsdgqgd5xxtv6p,,,8048956
YDHYz/R+Y7pCodhmgkCqzoqqN54gzRfVE5fjZriX+RI=,oasis1qzrehfnnntdaeshy5f6kfa8v3p35yu7mluaapmgc,,,8048956
/ylWdaid2DDlI4BMVkX6gAR6eaBYlLolHbjCmHitrzc=,oasis1qp6fzgx9zhamsk6c77cwzjeme06xwswffvhk6js2,,,8048956
Y+ve+O0hlBco/1YzuFODIn7Jo3D5c9BOqduhc7KZM8E=,oasis1qq3fq8hxrlq6pedw0q3f57daea43a6v7q5rwf0ll,,,8048956
z2JcHKG9dFvQChgD0Vsgccnlxq+dnkuEMxVMgxX5T/k=,oasis1qp8sn8t0fk727n2lwr8zzxwu5gyf7jy9xus6p4aq,,,8048956
Z3uLK0KpBUE/sQcianpZy/Dkock7RzOOvI4TJnfJvik=,oasis1qpfcsun7zju6ku7d2mdh54j9nsmxvj76uqk35w57,,,8048956
zAhtGrpk1L3bBLaP5enm3natUTCoj7MEFryq9+MG4tE=,oasis1qq0xmq7r0z9sdv02t5j9zs7en3n6574gtg8v9fyt,,,8048956
zbcsPBH1YmuC41SrOdkiBizsppzdXVeJ/B03zfKdObI=,oasis1qrecdyjt5wu4ynkugv9ns8qjl5wl7gzprukywrly,,,8048956
/ZcvHCNyKIwyFEF075X1wqFGhKxEhYeJRdDtoyaTC/w=,oasis1qzv2rktycpcykhudyvg5l6u75v08lpfcw5nt7aj5,,,8048956
zQHP0zFsdHquNnq5p4UwjawXAMkknkGjDbH56jyvl8g=,oasis1qqd77jc48wshc79e8w4m38224ss2xvcs95rw4x04,,,8048956
zr4fuyH0KccZZVHsQ/ICJYWTynHiKtbBgzBWjgcCgt4=,oasis1qp2vdltxqvglrwj6qur8s4dw97485vm6actrkcsm,,,8048956
ZxJyyH+JPdGNfjy+ZPq+GpFY0fAJKm9VFXZIPwMcKm4=,oasis1qq45am6gzaur2rxhk26av9qf7ryhgca6ecg28clu,,,8048956
