runtime,token_address,token_type,token_name,symbol,decimals,total_supply,num_transfers
