runtime,contract_address,creation_tx,abi_md5
emerald,oasis1qp2n5crda4ardp34y2hefrzj94hpnwz8mvclc89f,,3fab402c39c3cf4588bd8a5179c3c8bf
emerald,oasis1qp40vf7w2etyhfqaxeq9hx8zngwyfz9s3qj38gw3,,6116322dfe48a0b922335a7ec6d630d7
emerald,oasis1qpal7x2mn0d0jqa7wtyh7wf3klftp6aufcgzjekt,,b67b4aeee9aa7f800d56d05e0008e06e
emerald,oasis1qpdjtgwrh5q4r9vlzkkvryypy6y67muw5sa6r60e,,5fa5276bd46194da193606a06d89982a
emerald,oasis1qpgcp5jzlgk4hcenaj2x82rqk8rrve2keyuc8aaf,,6445aff5878851cded521af2474b904b
emerald,oasis1qpp2qztm74z9wjskcpja0er2wgp44sntryzzkag8,,f15bcafe906358e49c4cbb2247bca0d9
emerald,oasis1qpssvkplnlpzdvwxpgmrhf9j5lkyvaylcvujhjhg,,35b9209280a809ec8064d0d6d736fb54
emerald,oasis1qpzdjjhnhddd2ry46hnemw0ahanf907xdcg77u6q,,f15bcafe906358e49c4cbb2247bca0d9
emerald,oasis1qqaft65h9j07l4salzrdca4a2k5lnzxc8uu8m6tk,,f15bcafe906358e49c4cbb2247bca0d9
emerald,oasis1qqehgt8jfnczmku5hazxkkprw5nqqk4nvunx9zf4,,f15bcafe906358e49c4cbb2247bca0d9
emerald,oasis1qqfmvrywd8alavrcddyhx520xsa0mku70vf5e0az,,f15bcafe906358e49c4cbb2247bca0d9
emerald,oasis1qqkcynmpm5tj9thyfq0fg5k2slvdap9teu02n77d,,9bf4ffba7a8bd1efeeaef57b71e183ad
emerald,oasis1qqvdrgwdyxufuhffsywqycpt2mqcdfc2h5avfnkw,,f3540e2670cdb0012874003f7b3fbe50
emerald,oasis1qqz8706pmf38wmptl6dkcaec8yykw0rvfv7ql6fc,,ce9407d06024d82222b4cbe23e3c6b9a
emerald,oasis1qr6knzrz459jc6903fxz6uyx9r5yjz5g0gz3fp2k,,c7cf4bdfe64b796407d721a4ece3b6b2
emerald,oasis1qralv8lscq9uu3fjnr5hy8xn9fnlre2dms6hss9p,,5965adae2f3e0ba654dae67945b0094f
emerald,oasis1qraw2wc4fgwr5mrfztm6ke460d5qmeh70yzw4clj,,ca2e4b91c0ea11a94a938c2e1f3ee912
emerald,oasis1qrg90d4qlelg5zg4q4sd4y0z8j2lpjpvuspzjlyl,,ea1b4e8f707451248c5ee84f4968091d
emerald,oasis1qz2rynvcmrkwd57v00298uc2vtzgatde3cjpy72f,,f15bcafe906358e49c4cbb2247bca0d9
emerald,oasis1qz5psjrn94jrsa4k4fkjwjg39uga0mce5cuaj9la,,5fa5276bd46194da193606a06d89982a
emerald,oasis1qz6uvey3ge99kvj5z8yl4hs635gunehyc54adgk6,,ea1b4e8f707451248c5ee84f4968091d
emerald,oasis1qzcf8p8asg8htf2ht58khq3hh8j88sct3qtd4whv,,f15bcafe906358e49c4cbb2247bca0d9
emerald,oasis1qzdqfu06mgwpad0sk7p68ff5j0h9vkssk59tf9jg,,b771ddef30f4ac06f29e11cae998a8ba
emerald,oasis1qzj2hwfs3yjm20jz5h70yk3etsst0k8s3cnl6l08,,f15bcafe906358e49c4cbb2247bca0d9
emerald,oasis1qzkrq8jrrt96fzxq8j0z88683e4vhf4a5cy3qrc5,,3402c18ed97fdae16f23a6f00f1e1ae6
emerald,oasis1qzpxtzc3xphccjq94wxffchfc5sua5t24vc6gvt6,,6445aff5878851cded521af2474b904b
