runtime,address,num_txs,gas_for_calling,total_sent,total_received
