id,start_height,end_height,sorted_validators
13402,8048956,8049555,"{1aTTEfSIcVxsPS86uIA7rSD2Jmb+aIVj1grCEjyzlzQ=,1JttHp0rBBBHDOpPl8fAiLTcN9tUzxJGjk7llFcvhZQ=,21+iPu/omYBN7X5cUY4QnD4b9VVuAiW/u8uABqt2VjM=,29VJbrrthqvw/ti3Vj7cASwkM9VMVa/RTKiwMBdWDQk=,2bgTFAzVLsQuQnA7cNn/pRLJvemueq/73GhzFFDVdZc=,2lmcqqXwGzeje6jGosIJrDKAe+rJXn9XcPcF7ezsJYw=,32KS5Z9LWTD2UEUOqhRwZyJvb0lb12iiE9UYgoFjsKQ=,3DRMMM7ye2HREvk8zz06OjMG6BuWjs84PLdSYChNHAw=,3NKMT/Qz11e2xklwSCV/zeawLE3BIO/Rn4LfaV47QJI=,4g2p36WoOzdHyXq6tOjFb3nv6y90/zyQcb1eQcy5doo=,4gbOOU09bcyvM53Up1lTnP+sLb0feniJu0OcUUPCBSs=,6reBpCKHsqMX1Y26o3p5V+95in5ka16I969CWyiRudY=,6XvrCu3wqMKYc5a0d5UZzG7ZGeb3j//MzcqUMUHkMCk=,7DwKCCQV9THNLyTELQTBCWNPIHZJdAq7qGk1D7vx2zo=,7n6AYdYIuGar561yxifDtrR9NVekDavFlpeHVZinCSc=,7nCBfl1vRS4kn7G2yJZeZdwE8OFA4avUphWdCRrFhJM=,8rh2lgEm7QscCrLkVqcLMkRxfbNDIe+laI4H8nI/d74=,9D+kziTxFhg77+cyt+Fwd6eXREkZ1wHw7WX7VG57MeA=,9+lM5vQ1g+cVzjaNM78gxw1yUegVj57tHDbpN7DKIvw=,9sAhd+Wi6tG5nAr3LwXD0y9mUKLYqfAbS2+7SZdNHB4=,9yOiPY3NnNMpEzB+6XS/OqahzFwwX8mFhmT2fvbxlVI=,a4OjOCh3W8gDV15t2a1VQ2Nz7PABO262435/89jo8pE=,/AI8TCLc1a5U98yBoxOji5bheVT1pc75v+tGDdM6se4=,aiTgGyYB2l4uAMG93Ajq5S4EXPIRkYDg1ICLjWD45Ck=,a/LVFfoI3aRoasZs6tP/Lvn0CbG6RkvEFYHcVR/Vo9M=,aOefxt5MUuXEbErxpD+ZttJWh/3d9if+t+PBTeAgKpo=,bb1zWp0gzS1ij1OY3KzxC0BJNdqkAiJ26z3iD8slt7c=,BBba0XfI4WSTroE+/YGcFthxbEC5jQJhWhl0jIBwke0=,BdSzNycR8Y3MdHooxU0vtOEPr3ZG9KD5p8wxHtvueUU=,BkBqXMdd10xDKn7b/iIXycHLBaroci6xoFxoEN1kQ+A=,BTAJNDyd6/UQ+pfhTDdPGsothzJ+C5/C/g52a3DIlMw=,bTok0el8GbmUzTAAgcQ78uww/TsgeWwXpM3N2S49qBQ=,C7he7BJPrgVrsGRm4m+OFcHlcNYOEPSGeerxvV/BsBA=,cgXH87+sYoe2mXsdDKWCyRvWZ8JqnVnxJkCq09LlBoI=,CNx8AEfm9Pk15bgu5VnqVpFEAUw6vau55Trdz6rZbXI=,cVGc1fI6xu0WeI2GUrLIwDpH/JtBE3PwD+P66YkSKg8=,D8oCKJab4LtOMQJR0YQZXx+fMw6QHyTiv3YCfN8tM18=,DIbPacWGEiealk+226eYEafYmKJpD98PYoWp/tcPXJI=,dUF4nN35B7VmJllLtIID0HwyjVCXzGmAk+og9hpAARY=,EOsC+ZdDFqIyC41QlxSzRem69xfzwIT33hRu0pp4Itg=,erpPSkQwGnb9j+/qqyJmeRK2e1mhJc/Do78jNdpPjk0=,eZuacXy5s3/nolB/E3gF4vqUYdvfOlVaaBXGfZcGwKc=,F5eduX4m4O/ot3UcFs3iQk1ZPUuG43kuxGI9sZz95uU=,FDqRmM1FyhaGas+lquWmGAKgMsU2rj7UESAlnOHtxco=,fhXoWYc8Ml153jBBvFrQ4CRY7vnbCk9j269rVLeg7cE=,/Foi5kZdBc70HPmlguvY6AzBILNrNiPDgKQLOITuIEI=,g9UqzvW6JvfKrflRKbCPBpm41rH/O+4apCK+KkD2tG4=,gb8SHLeDc69Elk7OTfqhtVgE2sqxrBCDQI84xKR+Bjg=,GDWO0+R7qSrWB0bvT+V2Kz6vlHcm6ZnaNQM2/FsFqEA=,GFuNKboc4wNDdYiWZPyL9cvmMI/xhdTh19NEVCB1jxw=,hNBVs2ay1IWvufQwX0TbYA6X4ocKaMpzpyaMTHggi6Q=,HPeLbzc88IoYEP0TC4nqSxfxdPCPjduLeJqFvmxFye8=,iciuIKbNHSNEETzbO/Ah+BOlIqXe75onDujf4CXW1sI=,iGs5cCGos/I5KQv82MwgGMNENaxy3bhuWdFXtINcu0U=,iNKCs9v4NJCuApCLPD4bRBoqTs/5DBxS0hourBkhxQo=,IVW4KEQECblM3Un9SjSRjYbN7zd1+6QXx6dVWzYvAgg=,IYoCG9YW+623ri5Mgzr0rcrnJTGaLhTeq/JdOzMx2Mw=,izy38AmUeU4b4L23kVy4BlxbkHGOPy4KPSSLnJglrV0=,J2nwlXuYEPNZ0mMH2Phg5RofbZzj65xDvQMNdy9Ji0E=,J3ou5m1abrwcbYwTksSj1Hj21QoDjyrSkjB40rEKV4E=,jzTWYikeN6NIuMQ6l4iqdDOF9jyfOJG2FcnQaNBn9+s=,kfr2A6K6TlvhQm4nz88Hczzkd2Aq5PlkxSpnmUUBAFs=,klORAmjq81QKiUA0CsXaANxYVesTWM7CKdaSlm7u9tM=,KmMS+RzjQ9vm9J2aX9YihJnmmSc/IBquCysbhPxVDFM=,kN01v7L/wv6hvrd1ak83pgCedGDnpgbGJVkXezhUUJ8=,ko5wr5SMqhKb+P1kimM1EF/T4SqvW/WjSOwPHigQl+k=,kupW3Pt0XMeERSkdDWyZMU4oZrk0wGysVXVyqX3rylc=,KVsiBHzBommqe0VwchA2QHqp/JT8B136up4Ru+r/xkg=,L4OY/0mNEduAS9z6jh2xLp72b8gZURgcrd76AOiRIXk=,LaKJUKndAqH57DVExspTjdRTRNGJOSqArzM0pm8REZw=,LFxni1vOSZ2JSce6+RVIfAhujhja5PunF6AzLEPAdI8=,M0EuGvS20xIjGSghpFrKGOTuTC6s8S/NAkun2AVJ1mo=,MfN+qM5pwFRl6i/UVDSBll2UB0D6b2vKy7He1g5CEok=,mQhANPn4RJQUTM/wkTf71XRzGZktobGV8WaLJFVvtVQ=,N+3/m12DoAqzFS0yF3R/kXSkSj7pZnWhq8nRCo/MKwk=,nw+8VTk+LbrZ4mSmeKYuQGu/swFgAOpPB5ls4STzh1g=,nZoBfua/odt7fZThkfzGQo2oBp8UnEj+VpG52SB8onM=,o8leC3xb2Wsrt3FwX33R9S9vKQJR8zPBSB62YyNRAQc=,oOVxTw2hEYgYvSrTjjKODCt/Soy3OLcQV9YBy/PF/xY=,oPekghIahmyMUzB31IFbXQd6DKdo7lnOYsXIppK2IWU=,p1VsfSsedbKn/5GzkPsr15XD+/AOIfbPda1/2yT84N4=,PkN8wpUKIlTUOtK0vKfPLd+xNVFdIB8Za7+4/yx84dg=,PrCDIA3uyoLqNOZJ1PrRWdyviFn6K0PWFz91qQ9QyTw=,QNXjdhgd/NSfLbHeZB0n8yv5dSyl6jm4MSHjjduuj5M=,RDCyARTIdpiG75L9vVXAYIhRCToSrchZkv3JUW3Pji8=,RFpWeibJDHnfgoq9mO1BJcxyDbIstDi22ZBhvgXvE1Y=,RiLoc3Wcvxagoqyz/vlIDeOGYuS8FIfUdt9cd7UwtG4=,RMa2ER0wvraR+4u5QOGOrRTwmMVOYNcOot7sFppPRP0=,r+yk07pGQ8gi9CiMZX1skI/nrrHyRXMpALFs5YWj/z4=,RZowTXmfT+b6H6Vuz97VECIy2cq8tytTilv8AxbtvO8=,sDi9ZxHYB+rHTpVh4abNFXDMRSecfGe4QzbyGK8ZgQg=,sRg0vKUArSC5xnjLmRTzIhVuny63VeHUizpkWnRfhkc=,sX/HVyq+fWT0jVzIvIHJSAjTv1WtMKGMeWtVr/Wq+ug=,T4nMwtYOti9WSO96E2iRRvSDgRmbX03L8pvsaBEvCFw=,T5k7PtOR01oZrdnZveDpO9AFpMUhEREZk7WSSfm8Gtg=,tcon38rBr3dHmURuXOTUFpDPKwE4eOU82F121rX9esE=,tvPlmGHv5aokL9MMBqNAkSOygldJIlRTmSIvCwuh0rU=,TWLcdgEfahwyFPTC7nN3rZacPO2aXlLfZIDt7uXbzEI=,UDV5FoaIkssdSFWC4asZtxvsyagoyrIS5rPX8p/np2U=,UFXCpcvXBOHbxtObG4psGcn+LgZOedvDDUAqVengpPk=,UkwjS1YvEfHx9b6MMT5Q1WvCY3aWn2lxRDsB/Pw+zGk=,uxSkvFu6x4MIYV+M1VrDu3m/qbADs/1Ae3mWAcEmnaQ=,VsrHPScBde1FUb+BDWONvLxxwKOKevLB7FRbUAaiF+Y=,Vt63FfFzNMgUngrMvnKks+icySi5LwkjniJEJMZAimM=,WazI78lMcmjyCH5+5RKkkfOTUR+XheHIohlqMu+a9As=,wCGlLKUiTNr9Ba49YA6dDuqm9rdtPcKKsKzHqMBn+rc=,WKCE1sMmJLe+DsdIQBMkPiKEgBpAQO+PjCeWjmLA1EM=,WqBX+RyP1S8WsCuxrkwk1KUEqpPxkMSYyvl0rjL+NCo=,WXs7ElBlm30la2fG4oZDpubeFu5sKkjDVeflWo+YuIA=,xQN6ffLSdc51EfEQ2BzltK1iWYAw6Y1CkBAbFzlhhEQ=,XSQLBoubhOq/X86vKIj4Xzouo1Fhe39+kLF/2PDgKpM=,YDHYz/R+Y7pCodhmgkCqzoqqN54gzRfVE5fjZriX+RI=,/ylWdaid2DDlI4BMVkX6gAR6eaBYlLolHbjCmHitrzc=,Y+ve+O0hlBco/1YzuFODIn7Jo3D5c9BOqduhc7KZM8E=,Z3uLK0KpBUE/sQcianpZy/Dkock7RzOOvI4TJnfJvik=,zAhtGrpk1L3bBLaP5enm3natUTCoj7MEFryq9+MG4tE=,zbcsPBH1YmuC41SrOdkiBizsppzdXVeJ/B03zfKdObI=,/ZcvHCNyKIwyFEF075X1wqFGhKxEhYeJRdDtoyaTC/w=,zr4fuyH0KccZZVHsQ/ICJYWTynHiKtbBgzBWjgcCgt4=,ZxJyyH+JPdGNfjy+ZPq+GpFY0fAJKm9VFXZIPwMcKm4=}"
13403,8049556,8049955,"{0t3HGVPQy3EkzfK5gl8BqARjapu4qhKx1zDQLH7pEXc=,1aTTEfSIcVxsPS86uIA7rSD2Jmb+aIVj1grCEjyzlzQ=,1JttHp0rBBBHDOpPl8fAiLTcN9tUzxJGjk7llFcvhZQ=,21+iPu/omYBN7X5cUY4QnD4b9VVuAiW/u8uABqt2VjM=,29VJbrrthqvw/ti3Vj7cASwkM9VMVa/RTKiwMBdWDQk=,2bgTFAzVLsQuQnA7cNn/pRLJvemueq/73GhzFFDVdZc=,2lmcqqXwGzeje6jGosIJrDKAe+rJXn9XcPcF7ezsJYw=,32KS5Z9LWTD2UEUOqhRwZyJvb0lb12iiE9UYgoFjsKQ=,3DRMMM7ye2HREvk8zz06OjMG6BuWjs84PLdSYChNHAw=,3NKMT/Qz11e2xklwSCV/zeawLE3BIO/Rn4LfaV47QJI=,4g2p36WoOzdHyXq6tOjFb3nv6y90/zyQcb1eQcy5doo=,4gbOOU09bcyvM53Up1lTnP+sLb0feniJu0OcUUPCBSs=,6reBpCKHsqMX1Y26o3p5V+95in5ka16I969CWyiRudY=,6XvrCu3wqMKYc5a0d5UZzG7ZGeb3j//MzcqUMUHkMCk=,7DwKCCQV9THNLyTELQTBCWNPIHZJdAq7qGk1D7vx2zo=,7n6AYdYIuGar561yxifDtrR9NVekDavFlpeHVZinCSc=,7nCBfl1vRS4kn7G2yJZeZdwE8OFA4avUphWdCRrFhJM=,8rh2lgEm7QscCrLkVqcLMkRxfbNDIe+laI4H8nI/d74=,9D+kziTxFhg77+cyt+Fwd6eXREkZ1wHw7WX7VG57MeA=,9+lM5vQ1g+cVzjaNM78gxw1yUegVj57tHDbpN7DKIvw=,9sAhd+Wi6tG5nAr3LwXD0y9mUKLYqfAbS2+7SZdNHB4=,9yOiPY3NnNMpEzB+6XS/OqahzFwwX8mFhmT2fvbxlVI=,a4OjOCh3W8gDV15t2a1VQ2Nz7PABO262435/89jo8pE=,/AI8TCLc1a5U98yBoxOji5bheVT1pc75v+tGDdM6se4=,aiTgGyYB2l4uAMG93Ajq5S4EXPIRkYDg1ICLjWD45Ck=,a/LVFfoI3aRoasZs6tP/Lvn0CbG6RkvEFYHcVR/Vo9M=,aOefxt5MUuXEbErxpD+ZttJWh/3d9if+t+PBTeAgKpo=,bb1zWp0gzS1ij1OY3KzxC0BJNdqkAiJ26z3iD8slt7c=,BBba0XfI4WSTroE+/YGcFthxbEC5jQJhWhl0jIBwke0=,BdSzNycR8Y3MdHooxU0vtOEPr3ZG9KD5p8wxHtvueUU=,BkBqXMdd10xDKn7b/iIXycHLBaroci6xoFxoEN1kQ+A=,BTAJNDyd6/UQ+pfhTDdPGsothzJ+C5/C/g52a3DIlMw=,bTok0el8GbmUzTAAgcQ78uww/TsgeWwXpM3N2S49qBQ=,C7he7BJPrgVrsGRm4m+OFcHlcNYOEPSGeerxvV/BsBA=,cgXH87+sYoe2mXsdDKWCyRvWZ8JqnVnxJkCq09LlBoI=,CNx8AEfm9Pk15bgu5VnqVpFEAUw6vau55Trdz6rZbXI=,cVGc1fI6xu0WeI2GUrLIwDpH/JtBE3PwD+P66YkSKg8=,D8oCKJab4LtOMQJR0YQZXx+fMw6QHyTiv3YCfN8tM18=,DIbPacWGEiealk+226eYEafYmKJpD98PYoWp/tcPXJI=,dUF4nN35B7VmJllLtIID0HwyjVCXzGmAk+og9hpAARY=,EOsC+ZdDFqIyC41QlxSzRem69xfzwIT33hRu0pp4Itg=,erpPSkQwGnb9j+/qqyJmeRK2e1mhJc/Do78jNdpPjk0=,eZuacXy5s3/nolB/E3gF4vqUYdvfOlVaaBXGfZcGwKc=,F5eduX4m4O/ot3UcFs3iQk1ZPUuG43kuxGI9sZz95uU=,FDqRmM1FyhaGas+lquWmGAKgMsU2rj7UESAlnOHtxco=,fhXoWYc8Ml153jBBvFrQ4CRY7vnbCk9j269rVLeg7cE=,/Foi5kZdBc70HPmlguvY6AzBILNrNiPDgKQLOITuIEI=,g9UqzvW6JvfKrflRKbCPBpm41rH/O+4apCK+KkD2tG4=,gb8SHLeDc69Elk7OTfqhtVgE2sqxrBCDQI84xKR+Bjg=,GDWO0+R7qSrWB0bvT+V2Kz6vlHcm6ZnaNQM2/FsFqEA=,GFuNKboc4wNDdYiWZPyL9cvmMI/xhdTh19NEVCB1jxw=,hNBVs2ay1IWvufQwX0TbYA6X4ocKaMpzpyaMTHggi6Q=,HPeLbzc88IoYEP0TC4nqSxfxdPCPjduLeJqFvmxFye8=,iciuIKbNHSNEETzbO/Ah+BOlIqXe75onDujf4CXW1sI=,iGs5cCGos/I5KQv82MwgGMNENaxy3bhuWdFXtINcu0U=,iNKCs9v4NJCuApCLPD4bRBoqTs/5DBxS0hourBkhxQo=,IVW4KEQECblM3Un9SjSRjYbN7zd1+6QXx6dVWzYvAgg=,IYoCG9YW+623ri5Mgzr0rcrnJTGaLhTeq/JdOzMx2Mw=,izy38AmUeU4b4L23kVy4BlxbkHGOPy4KPSSLnJglrV0=,J2nwlXuYEPNZ0mMH2Phg5RofbZzj65xDvQMNdy9Ji0E=,J3ou5m1abrwcbYwTksSj1Hj21QoDjyrSkjB40rEKV4E=,jzTWYikeN6NIuMQ6l4iqdDOF9jyfOJG2FcnQaNBn9+s=,kfr2A6K6TlvhQm4nz88Hczzkd2Aq5PlkxSpnmUUBAFs=,klORAmjq81QKiUA0CsXaANxYVesTWM7CKdaSlm7u9tM=,KmMS+RzjQ9vm9J2aX9YihJnmmSc/IBquCysbhPxVDFM=,kN01v7L/wv6hvrd1ak83pgCedGDnpgbGJVkXezhUUJ8=,ko5wr5SMqhKb+P1kimM1EF/T4SqvW/WjSOwPHigQl+k=,kupW3Pt0XMeERSkdDWyZMU4oZrk0wGysVXVyqX3rylc=,KVsiBHzBommqe0VwchA2QHqp/JT8B136up4Ru+r/xkg=,L4OY/0mNEduAS9z6jh2xLp72b8gZURgcrd76AOiRIXk=,LaKJUKndAqH57DVExspTjdRTRNGJOSqArzM0pm8REZw=,LFxni1vOSZ2JSce6+RVIfAhujhja5PunF6AzLEPAdI8=,M0EuGvS20xIjGSghpFrKGOTuTC6s8S/NAkun2AVJ1mo=,MfN+qM5pwFRl6i/UVDSBll2UB0D6b2vKy7He1g5CEok=,mQhANPn4RJQUTM/wkTf71XRzGZktobGV8WaLJFVvtVQ=,ms7M1v8HfItCnNNJ0tfE/PsYQsmeD+XpfGF1v0zR2Xo=,N+3/m12DoAqzFS0yF3R/kXSkSj7pZnWhq8nRCo/MKwk=,nw+8VTk+LbrZ4mSmeKYuQGu/swFgAOpPB5ls4STzh1g=,nZoBfua/odt7fZThkfzGQo2oBp8UnEj+VpG52SB8onM=,o8leC3xb2Wsrt3FwX33R9S9vKQJR8zPBSB62YyNRAQc=,oOVxTw2hEYgYvSrTjjKODCt/Soy3OLcQV9YBy/PF/xY=,oPekghIahmyMUzB31IFbXQd6DKdo7lnOYsXIppK2IWU=,p1VsfSsedbKn/5GzkPsr15XD+/AOIfbPda1/2yT84N4=,PkN8wpUKIlTUOtK0vKfPLd+xNVFdIB8Za7+4/yx84dg=,PrCDIA3uyoLqNOZJ1PrRWdyviFn6K0PWFz91qQ9QyTw=,QNXjdhgd/NSfLbHeZB0n8yv5dSyl6jm4MSHjjduuj5M=,RDCyARTIdpiG75L9vVXAYIhRCToSrchZkv3JUW3Pji8=,RFpWeibJDHnfgoq9mO1BJcxyDbIstDi22ZBhvgXvE1Y=,RiLoc3Wcvxagoqyz/vlIDeOGYuS8FIfUdt9cd7UwtG4=,RMa2ER0wvraR+4u5QOGOrRTwmMVOYNcOot7sFppPRP0=,r+yk07pGQ8gi9CiMZX1skI/nrrHyRXMpALFs5YWj/z4=,RZowTXmfT+b6H6Vuz97VECIy2cq8tytTilv8AxbtvO8=,sDi9ZxHYB+rHTpVh4abNFXDMRSecfGe4QzbyGK8ZgQg=,sRg0vKUArSC5xnjLmRTzIhVuny63VeHUizpkWnRfhkc=,sX/HVyq+fWT0jVzIvIHJSAjTv1WtMKGMeWtVr/Wq+ug=,T4nMwtYOti9WSO96E2iRRvSDgRmbX03L8pvsaBEvCFw=,T5k7PtOR01oZrdnZveDpO9AFpMUhEREZk7WSSfm8Gtg=,tcon38rBr3dHmURuXOTUFpDPKwE4eOU82F121rX9esE=,tvPlmGHv5aokL9MMBqNAkSOygldJIlRTmSIvCwuh0rU=,TWLcdgEfahwyFPTC7nN3rZacPO2aXlLfZIDt7uXbzEI=,UDV5FoaIkssdSFWC4asZtxvsyagoyrIS5rPX8p/np2U=,UFXCpcvXBOHbxtObG4psGcn+LgZOedvDDUAqVengpPk=,UkwjS1YvEfHx9b6MMT5Q1WvCY3aWn2lxRDsB/Pw+zGk=,uxSkvFu6x4MIYV+M1VrDu3m/qbADs/1Ae3mWAcEmnaQ=,VsrHPScBde1FUb+BDWONvLxxwKOKevLB7FRbUAaiF+Y=,Vt63FfFzNMgUngrMvnKks+icySi5LwkjniJEJMZAimM=,WazI78lMcmjyCH5+5RKkkfOTUR+XheHIohlqMu+a9As=,wCGlLKUiTNr9Ba49YA6dDuqm9rdtPcKKsKzHqMBn+rc=,WKCE1sMmJLe+DsdIQBMkPiKEgBpAQO+PjCeWjmLA1EM=,WqBX+RyP1S8WsCuxrkwk1KUEqpPxkMSYyvl0rjL+NCo=,WXs7ElBlm30la2fG4oZDpubeFu5sKkjDVeflWo+YuIA=,xQN6ffLSdc51EfEQ2BzltK1iWYAw6Y1CkBAbFzlhhEQ=,XSQLBoubhOq/X86vKIj4Xzouo1Fhe39+kLF/2PDgKpM=,YDHYz/R+Y7pCodhmgkCqzoqqN54gzRfVE5fjZriX+RI=,/ylWdaid2DDlI4BMVkX6gAR6eaBYlLolHbjCmHitrzc=,Y+ve+O0hlBco/1YzuFODIn7Jo3D5c9BOqduhc7KZM8E=,Z3uLK0KpBUE/sQcianpZy/Dkock7RzOOvI4TJnfJvik=,zAhtGrpk1L3bBLaP5enm3natUTCoj7MEFryq9+MG4tE=,zbcsPBH1YmuC41SrOdkiBizsppzdXVeJ/B03zfKdObI=,/ZcvHCNyKIwyFEF075X1wqFGhKxEhYeJRdDtoyaTC/w=,zr4fuyH0KccZZVHsQ/ICJYWTynHiKtbBgzBWjgcCgt4=,ZxJyyH+JPdGNfjy+ZPq+GpFY0fAJKm9VFXZIPwMcKm4=}"
