runtime,contract_address,gas_used,created_at
emerald,oasis1qp2hssandc7dekjdr6ygmtzt783k3gn38uupdeys,1336382,
emerald,oasis1qp2juy5t573y7jtpu3cq7rfm6arppd0eggk6m777,19607603,
emerald,oasis1qp2z4pf2hl6r88qyglka3hcnjnw2l56sgq72s3yl,102392735,
emerald,oasis1qp6d38qpctlgy8myw6pslhkasvqwzthjf5pc6sdf,433765,
emerald,oasis1qp8u6h300nwywlzgec2z0hmpwzmpy04t8sgp36xn,255830,
emerald,oasis1qp9kz5m8k2n8qyprpy9usuuwr23gkar2vy5mexvw,95564,
emerald,oasis1qpdkszd7u4rmnmjt7tmd9hp4x6t2umdt75279s3m,523273,
emerald,oasis1qpf8k4rqtqzvrppa353nrwnry3pp66062ssvpw45,3919157,
emerald,oasis1qpfhzkpwz5qgt0g9mlhqh29u3hyqcu4sygkt4va7,47813,
emerald,oasis1qpgcp5jzlgk4hcenaj2x82rqk8rrve2keyuc8aaf,2089326,
emerald,oasis1qpgdkpsgu3a74fjqsfv29j6604mmn8759cvw5y0z,6580687,
emerald,oasis1qph3te3wwjdvuk7lftyuyzz69q2259v0lg4nupvk,4939850,
emerald,oasis1qphpvuqjsgce3a53q38q7g2cnhcsvfwq6ggp0hja,386812,
emerald,oasis1qpjpq2y4l457jkzgeaje56htzfxmg07x4uf8zjma,11957108,
emerald,oasis1qpl38f2a8m55ylha8ysdn03ya0mgrftkasmy8wyv,55514,
emerald,oasis1qpmu8k80egszzxs9ruc4zzklsd69u79tvgmt8prt,12477524,2022-04-11 14:25:59+00
emerald,oasis1qpmuy6ly4wmxh8v7z8xzxfyfvjcdgdaw2y4ppdgm,170730,
emerald,oasis1qpp2qztm74z9wjskcpja0er2wgp44sntryzzkag8,285682,
emerald,oasis1qppj4s2vw6fxfghng4gzdqfvv2w3g82hy5y96ntd,63066,
emerald,oasis1qpq3yrj345tt4pg8aj3gjqv2lnefgrsvgceexxsf,472406,
emerald,oasis1qpqgvsuuex7t980a09g668q762nwq2zc5sm9w07r,4965828,2022-04-11 14:27:51+00
emerald,oasis1qpqwemqq33k222dx7gndg47el46w3fr6dcj9rcws,45583156,
emerald,oasis1qprwghd5hcn4gtmanac3l4nsmcsdj6mwfs7jlckf,187775,
emerald,oasis1qps0k8k3ugqa8zpsc0c075h9a5lamjzcegshzrnt,2219421,
emerald,oasis1qpssvkplnlpzdvwxpgmrhf9j5lkyvaylcvujhjhg,903293,
emerald,oasis1qpsxnr8zpacjpd5pdz94qll49z54zyj6ssnhtexg,47656,
emerald,oasis1qpuqs65me58n6mt05ezd7cnttx7k57w28v36l4ca,77836,
emerald,oasis1qpv8julmghfjyd3c0m8n7z4yuzhrsr0gfygafdtz,429381,
emerald,oasis1qpvx2al9uua40qc274acvhj3dhx8z7zy75s5t5eg,125798,
emerald,oasis1qpwfattevwdlz8606x5e7m74zttjzs6x9vxfu64j,408489,2022-04-11 13:35:29+00
emerald,oasis1qpx6ptg39e5drnfeu29qf2zpmnsw5mdufutlxd7a,2246692,
emerald,oasis1qpxvxjfs8v8pscn52rvtdqyqwd38gxfs4uq9h5q5,625991,
emerald,oasis1qpy40p966dhvqhq0pge9xghwnlqmua4mpysgu4vr,679051,
emerald,oasis1qpyf4aq4ggfsp8nydnda489r44tfdsmjeunl6sva,167752,
emerald,oasis1qpyyglghqwzfqpwuvcmvehkxc24r8f5leq3cp3mk,47813,
emerald,oasis1qpz2wzyqmzdy7gnwwswewhpzpt70jxakygtpwlqu,9729050,
emerald,oasis1qpz9qjs2urvlez6ahfhg8dmm8n2kfgsmws9dja9r,4807900,
emerald,oasis1qpzma04ftdpdlzrx6tr8rh6mtx6pfxnf9y4vc24a,12001961,2022-04-11 13:35:59+00
emerald,oasis1qq0q90sm07duq3xxn6qx9fc8djsv8nnyf59zjyk4,95555,
emerald,oasis1qq0sjw85d6dl5kljks3u4wsve2vvw03cacxlmhl8,255815,
emerald,oasis1qq3jtem5m56xj26duhmlzpp9u4823j59kyynt8tg,47768,
emerald,oasis1qq3q3awrrcl64rzvhxyc6ykjveny7zczkqrm28yp,47657,
emerald,oasis1qq4hp3mfsp2vvfqlt35tn59h4cx08wyd2vlrpxx7,811872,
emerald,oasis1qq60pyh8rrrmnpv3q222wp0t7qe4q75pavp682zk,47472,
emerald,oasis1qq6w27n94lf45hshtyxuwd9a4sq56t8cxyke8zd2,3308824,
emerald,oasis1qq7sakxrkt4rsntlslq4w8jjnyxug73z5qc66hwl,440796,
emerald,oasis1qq92lk7kpqmvllhjvhlc282zp6v2e2t2rqrwuq2u,4739961,
emerald,oasis1qq99v6kf9fc9z326vyt6zx5qu0tul883lvw62zvp,733871,
emerald,oasis1qq9kxt0t49ryrmrs2s3u3hhkujs6damk6u9g6ly4,1182095,
emerald,oasis1qq9tq8e35djpuw0nsenu7aufaurycsvlgcv40946,95566,
emerald,oasis1qqaft65h9j07l4salzrdca4a2k5lnzxc8uu8m6tk,190450,
emerald,oasis1qqatz6uj08mvs4nh4y8cnlzlkfsrgpg98uza0fm3,5098006,
emerald,oasis1qqc5vysfhw00x9h3804q0nzsh2ux8sjthq9umf75,9595295,
emerald,oasis1qqcy50uqn7skgcetyysy3fsyn5xuunnxxq8fd96t,143346,
emerald,oasis1qqed7mp902c0n76h5tk4k3fgu3vnhd5yhql4482n,745263,
emerald,oasis1qqehgt8jfnczmku5hazxkkprw5nqqk4nvunx9zf4,95225,
emerald,oasis1qqewaa87rnyshyqs7yutnnpzzetejecgeu005l8u,95928,
emerald,oasis1qqfkkkmgrg4x775s3em06326z723capfuqdtx0f8,1599657,
emerald,oasis1qqfrw3fuaejtk7g2f5c95hk9d8tqawpmpuf90062,3962036,
emerald,oasis1qqgqw6fs93w0j9mrpxjg4uavqlz6y8fj9s9vv0lk,2180568,
emerald,oasis1qqh7mvlge57vsllqu5dnuerscwa22jj9eqwvpmxs,7069456,
emerald,oasis1qqjv74rz8e6v9q6yn7y76zvf0yv5299ejsaxnjqu,6618061,
emerald,oasis1qqnu9prrj5nddz3ccpnm5vkq92j3cncy5vdasvsm,47782,
emerald,oasis1qqsc4q8umvgcff4dxcpvnw8l80wsls9y6qcn7m42,82559093,
emerald,oasis1qqt6kmyzv620rmx4mjzqlugy4n0y4nhyzsattr7x,217118,
emerald,oasis1qqv6q4pu9jkpmv243c0l3f7p3v7g96an9g6syyjn,3030673,
emerald,oasis1qqv90mllks2c3ntq6zjxs3wzqzxy2lwc9vezfmw9,693148,
emerald,oasis1qqvfw8dtvd5e02wds06f0wuxldwwm3tyqqgnswcd,5518424,
emerald,oasis1qqx3a57vuy8w3negw5uvs8f7kdq757euwqaysc6u,883872,
emerald,oasis1qqz8706pmf38wmptl6dkcaec8yykw0rvfv7ql6fc,1220546,
emerald,oasis1qr3g9759ew429lytjq3a7pe2zpnmqtdueqdszy32,47658,
emerald,oasis1qr42htk98ncwm2cyuk4up6me8emkxeg6kcvzduq9,143346,
emerald,oasis1qr5ywytpvjed426nsja9ann4yg0tfngrxypcv6ah,49322453,
emerald,oasis1qr8f54qhsr68qvx35xrwtrx62h7a7ns665wglflu,142969,
emerald,oasis1qr8styzhwcncqa006aj4dzmxhf26qavg5vjexley,3661549,
emerald,oasis1qre25pq009ekmvy0qdyzun06l7v46936rqgzqnh8,1296916,
emerald,oasis1qreaq2qyqgduwv2sg3ejh5c5ghwrkmpc2g56c6k8,49020449,2022-04-11 13:56:07+00
emerald,oasis1qrensf40cjj8m8gjyd6xfh3mjahzlnyamc9g2q93,4503212,
emerald,oasis1qrg90d4qlelg5zg4q4sd4y0z8j2lpjpvuspzjlyl,822516,
emerald,oasis1qrj2s3g6pcrlwr8atsn89370m7upnp7cpcew9xxk,432619,
emerald,oasis1qrk9appc6lhxnx5xhk0ga2w8http5h6fsylxyau7,47656,
emerald,oasis1qrmcsstlyge9ye9wnx845z08w65ktz2hfgxrxsrd,408489,2022-04-11 13:55:44+00
emerald,oasis1qrmtfytxk3exv60rpkv8p8ve99sf3kzp8u9ng4gq,12636876,
emerald,oasis1qrmvlmawpdx0eq0rxygsgzqyq5m86729jyu6xh0c,1071338,
emerald,oasis1qrqe5d3r2l8ajar4j9tctg7xt9tfp2947qqkvpm0,126133,
emerald,oasis1qrrmuaed6numjju8gajzn68tn2edlvycjc50nfva,4227299,2022-04-11 13:33:02+00
emerald,oasis1qrrpaag84tz26q2fr5c4netrg6hdtf68jg03sqpz,784818,
emerald,oasis1qrtlvpm04zgmw6szxhtae5z077e23cy6u5lfsql0,94992,
emerald,oasis1qrtn6tdgevwyzl0cjulwe8zs285zv60kpq8vks2v,118077,
emerald,oasis1qrvdes3ftgkyw90y89xn33ecmca7guk8hylq2vlg,22071780,
emerald,oasis1qrwcw4a893jp0jf5zg92ugz96rp2vj2mcvrsqmpl,5641638,
emerald,oasis1qz08ahae2ud4s4qjhnhpk77hh75a38ujg5hdap0f,1622478,
emerald,oasis1qz0szf4f4lcn3qr4aree5una2gyz0snq6sgafy5m,741376,
emerald,oasis1qz3k8dgyujr8khv2da9vmazc8pw96j5gg5ksqntv,48419,
emerald,oasis1qz3thwqrq7nq6lljr39k0dhsx375u7yl7c894h4f,47767,
emerald,oasis1qz47uczrprmg29zgqxd08mp09xc9f3yylusldlyt,4718216,
emerald,oasis1qz4fatp3chaj6h9qcytuue6g60dpavt6zqj73h3g,17215453,
emerald,oasis1qz4v67vla0sa0394ye5ycfylukxj5l4vlcar249m,47656,
emerald,oasis1qz6uvey3ge99kvj5z8yl4hs635gunehyc54adgk6,402881,
emerald,oasis1qz7s3smrqf9y303sev38d9sr275ce87yhsfa80da,36400188,
emerald,oasis1qzcf8p8asg8htf2ht58khq3hh8j88sct3qtd4whv,142839,
emerald,oasis1qzd707f54lht9knu8evtxhph8tqsh3r6mqmxt6pl,807183,
emerald,oasis1qzel2watfs6g3cm765dwlukymjs5k3rnhvua4z78,530023,
emerald,oasis1qzemcf097zq5l70hfcrg7kyqu0yuzpv8hvrmhdmx,1360736,
emerald,oasis1qzf24rkgkqxs3qkt2mqe8mcg8hpna45c8y0cqykc,47665162,
emerald,oasis1qzfhgk8k0jngpqzdancfnte70usmlnf6zgkwqnys,22561062,
emerald,oasis1qzg3nrd697tfq6zvpcvnkhvrj709n3al7u49hhry,47614,
emerald,oasis1qzg7xve45pr675d8gl3pxrulzjqtyt4d5qvc0j2v,453218,
emerald,oasis1qzge7jxdy2rnyx6gqxn2f8kq2j45cq4ejs46y4fe,165372,
emerald,oasis1qzh32zjl5gt0tf7hwzkjyk7h70kra2ce3scg5l8n,656671,
emerald,oasis1qzhsuyvfz3wejykay6aw2dna2c2sa5jm9ced2anm,47813,
emerald,oasis1qzj2hwfs3yjm20jz5h70yk3etsst0k8s3cnl6l08,122936,
emerald,oasis1qzjge63qxxxdfl6chfhj2d8pt9eskf6v2udndjt4,503245,
emerald,oasis1qzjqk7axskydek8q32t0vp9mpm0j6rhw5vfh9tzw,408489,2022-04-11 14:25:41+00
emerald,oasis1qzk2nmzdx4mu8c0jaxqrk4lcs5q6j6gag59marct,47659,
emerald,oasis1qzkskxeey4ptn033cwm3slszkhkqn4n8k52hvl0n,3279196,
emerald,oasis1qzku3tl87xye7t43uulnchvm9qkj6fw5hsyt28aq,7858673,2022-04-11 13:34:01+00
emerald,oasis1qznmqsnk68y9y2uvsnu23djdwc2kc82dryytc8sr,105781,
emerald,oasis1qzp0422ahnsllgptgwwsy5e2lnuglfgjpustt8cg,587111769,
emerald,oasis1qzpc0chmr742sux0686yce8jvgg6r4krkqzkljky,47659,
emerald,oasis1qzr3tn5zg0cu4kzd7jar0hx8zeg77xqjavrqst0k,30452568,
emerald,oasis1qzsahvt5ud3kn5uwuqptwggxun30yxazzyum64ks,95628,
emerald,oasis1qzvsgch6ma6qz8h8tjcwwcz8nq4ugq5h4c2hw68k,95366,
emerald,oasis1qzwr3xtmuq0q0rufe54xcl7ajrlghu7fgqlkvvue,8462787,
emerald,oasis1qzwx2gjl6nwnuyu22vzurptmylyqpthe2sfcd203,214437,
emerald,oasis1qzyqgctzy34a6uftvtz3mh5ylmpytak5xsa8hdkm,219976,
