runtime,round,sender,receiver,amount,nonce,module,code
emerald,1003303,oasis1qpfutv5wwqkmt7c9sl9vegx0gu6q2s80g5nmfgj3,oasis1qq0tv206ls0uhxx20glrx5rfrh39k0k3wq3hm86r,900000000000000000,3,,
emerald,1003303,oasis1qpx78wlchfrqsf386emss62zhkq9rrewzyzx8tvs,oasis1qrvwegvz5z4e443kx7fesf8k7p0xs6rv7ght70ef,200000000000000000,7,,
emerald,1003303,oasis1qrkxszh6yz7lqhmz2psh7yhpnk9h7l9gxvvmzlq8,oasis1qrt0sv2s2x2lkt9e7kmr2mzxgme8m0pzauwztprl,20000000000000000000,6,,
emerald,1003303,oasis1qzwt3w0ucve0ytzzyv3y72pcl7wlsd3nygdqdhac,oasis1qp5h90hnz2x7n6369ty6hed9x72a8r35n5lfx3mv,15900000000000000000,1,,
emerald,1003382,oasis1qrkxszh6yz7lqhmz2psh7yhpnk9h7l9gxvvmzlq8,oasis1qrt0sv2s2x2lkt9e7kmr2mzxgme8m0pzauwztprl,6572000000000000000000,7,,
emerald,1003410,oasis1qz905xw4trz567sxerg63qkl098x8s9haqam2fkh,oasis1qpn4ayjxasuz03y6w2wm45w9en4hg5mf0uz8dgd6,150000000000000000000,5,,
emerald,1003413,oasis1qz905xw4trz567sxerg63qkl098x8s9haqam2fkh,oasis1qpn4ayjxasuz03y6w2wm45w9en4hg5mf0uz8dgd6,150000000000000000000,6,staking,5
emerald,1003431,oasis1qz6f7dgm3v0pvv8lyz0qurknswupn3uynyqgqphp,oasis1qzgmxlu8nfj3fn8w0rz3dng47yytkg385cc6szgw,20000000000000000000000,56,,
emerald,1003472,oasis1qqmlzs4l9d5ryqsxmn24uasvz3rgjcne9q9cynzx,oasis1qqel25xsmpg2rdedqajqnt5gp5dlq2u9kgdlnsnq,1000000000000000000,175,,
emerald,1003488,oasis1qqmlzs4l9d5ryqsxmn24uasvz3rgjcne9q9cynzx,oasis1qqel25xsmpg2rdedqajqnt5gp5dlq2u9kgdlnsnq,1000000000000000000,176,,
emerald,1003523,oasis1qpkpxkgcusnh5zrjl0kw76pvtzucspy74qwrqy0s,oasis1qpfzu6dfk9chpl0a3s5e77y6expmuryc8grkrctp,2000000000000000000,8,,
emerald,1003529,oasis1qqv0383hvrem7v037d90vdagyauf4x3jgu696ttd,oasis1qzpcag8j4kx7alza409lmr0uv3gkl6txhqmr7fa5,500000000000000000,7,,
emerald,1003676,oasis1qramr8jl7llc4m8nthema44pvp5xk74m9syxjx4n,oasis1qz9ty3e2wsa4mfmhlwujrc0repcer62rj5axhya5,24000000000000000000,4,,
emerald,1003728,oasis1qq3lrfmfu2e9a2mrhhy0lpktg8gkwkzp5s0ep4t2,oasis1qzckcpra653urw8afjdfpxjyfstu4rxncs2wf6nh,1000000000000000000,4,,
emerald,1003738,oasis1qqkf6642233utqncu3ed350d2qndzu8fvyudfzr6,oasis1qp4fja7qnqr44p5y9g4lt539nwv8a0xtvvlymqmx,143900000000000000000,1,,
emerald,1003746,oasis1qq3lrfmfu2e9a2mrhhy0lpktg8gkwkzp5s0ep4t2,oasis1qzckcpra653urw8afjdfpxjyfstu4rxncs2wf6nh,398360900000000000000,5,,
emerald,1003850,oasis1qpmduy56jxvj55er3h4n4p8wpeazy9qq7sckdemn,oasis1qpe2xu07g00ffhqkxw2wc47s9j34g6332urfp3up,3066998000000000000000,10,,
emerald,1003908,oasis1qrq4qzy379uxrtzw4a2p5kstrmp05e3xzqc5dd39,oasis1qq9rcvwuv6rq2ucg9yyllj6usjmaa4p0rcuvf0pg,215000000000000000000,7,,
emerald,1004019,oasis1qqqeeems0e9622m05rd2s6642ufn72nxuvwxgp4e,oasis1qrqdky4kv82zsyj2wq8uhzv99avsvlk7kqcccdnl,121000000000000000000,1,,
emerald,1004029,oasis1qpfe6e8vwla3y48gpg7qlwqevu3anqrynq6u4kyd,oasis1qzslet45y47gvfuy8gr40uz7803fwd73l5jpzccw,80000000000000000000000,7,,
emerald,1004047,oasis1qp5p9r44dww8wzusxy4m5t924kcmtm3x4s204t8y,oasis1qrzald6cz4e3wqq8mqq7a95z6zn6yypmsvzgxme9,3000000000000000000,6,,
emerald,1004272,oasis1qzgc7fcgnls09htp6mjyhl9vnfcazyyvp5ep8xmn,oasis1qqs34gptju9ad8p4x4yf3djqaq0egmymvvhgftfh,1000000000000000000,2,,
