runtime_id,node_id,roles
000000000000000000000000000000000000000000000000e199119c992377cb,4wqhqp5wDAfvQxNZUUSDmM2fVYrkxKq/tqjnnCe72Uw=,compute
000000000000000000000000000000000000000000000000e199119c992377cb,7Rz1yAFZcAD06OOTZxx5LLDg2L5+1Me4304xZB8cgxU=,compute
000000000000000000000000000000000000000000000000e199119c992377cb,82isbQ3iZxvzgBGhk9kqOuyO87h6VXkXma8dDdBkHCM=,compute
000000000000000000000000000000000000000000000000e199119c992377cb,a/BCcmjawMU5EHQk+mGSb1GMFpU4YCze3IyOziEWihY=,compute
000000000000000000000000000000000000000000000000e199119c992377cb,aJFHeID4Q7qUfMa42dRwaa9PQrZ/cVDiE3WNt4bQjo0=,"compute,validator"
000000000000000000000000000000000000000000000000e199119c992377cb,bKvnByvx8qwF41EqOG6wdmatGzz/qT2nbHC8i8VM65k=,compute
000000000000000000000000000000000000000000000000e199119c992377cb,CdkWAAnsdYg0g6yl90Eiqdwqer6NK9yIxWWvPR3fwD8=,compute
000000000000000000000000000000000000000000000000e199119c992377cb,fn3LWIvMtary53Apk1srDB/I9SxjbpYf9Tt2bH3Qkf4=,compute
000000000000000000000000000000000000000000000000e199119c992377cb,HH/jnBO0AqHocNg4aS7MiMjiKmta1VP0ceRc0iILMAw=,compute
000000000000000000000000000000000000000000000000e199119c992377cb,Io86AKuu7YDnya+fVnldHBybFggwCoXeQPu3Wj8kHW4=,"compute,validator"
000000000000000000000000000000000000000000000000e199119c992377cb,ITrwEekdZNqXrEzvw3GT6Q3AtHDd51f19nD2nVU/f0c=,"compute,validator"
000000000000000000000000000000000000000000000000e199119c992377cb,jLOqojA6c57BmepLlYN91hiYYRUZ2JjdwhF0xeb1asI=,compute
000000000000000000000000000000000000000000000000e199119c992377cb,k0g6YN7CFSgjaPU1EjVWXhzPVmEset+3sQ3c3NJ8Ys4=,compute
000000000000000000000000000000000000000000000000e199119c992377cb,L30YgJjYQQIJXtjk50Xx3G+M0+epASC5SS8cDun3a4g=,compute
000000000000000000000000000000000000000000000000e199119c992377cb,mhPoPVhFGaGOmedQ4OGyMHFiDT9fufQDyMqXlP6mnm0=,compute
000000000000000000000000000000000000000000000000e199119c992377cb,PsfFUQrXqGoFtowWZcoc8ilh8xHP94LvNYHvqQHpw1E=,"compute,validator"
000000000000000000000000000000000000000000000000e199119c992377cb,U+oQq8a984jhe0BAYJJwzOXaJMmRdxKIlLlfGQscRxU=,compute
000000000000000000000000000000000000000000000000e199119c992377cb,uvPTOOyC+Kb+Hl3Pw34S3/YC9IerAdZncyW08LIaTtw=,compute
000000000000000000000000000000000000000000000000e199119c992377cb,V1e0MLFxqQo79+Y9HL8EBao8oPsifyyTHlOlhVh6XaY=,compute
000000000000000000000000000000000000000000000000e199119c992377cb,wZNYpW5PIb2M/Y8IlaBJ6YrHY89QV2JMT3CiNmou7Tg=,compute
000000000000000000000000000000000000000000000000e199119c992377cb,XCiPWblWT3n1aN2NI0vslmlfV9GOkxE2Ih2SI66ZR38=,"compute,validator"
000000000000000000000000000000000000000000000000e199119c992377cb,YojWrKWRRiPmKkHqMESHFz9iTFbeCpd7GL4CGpEAxkw=,"compute,validator"
000000000000000000000000000000000000000000000000e199119c992377cb,+zVbgQqOdY90Z2NQKXFByNT0OwLxj/Ho4j4qT5u2yKM=,"compute,validator"
000000000000000000000000000000000000000000000000e2eaa99fc008f87f,0qOmNfZvPDnjyzPU/97x1FWsl0d3UsImNiSNXd7lE/0=,compute
000000000000000000000000000000000000000000000000e2eaa99fc008f87f,30EjgJoHQmUx3fwvZcxmTjV56ra/yoKoTsMv1l9icLc=,compute
000000000000000000000000000000000000000000000000e2eaa99fc008f87f,4mcgJKfEa6RqWh9NqSJ+/yfs6X8dU0tG1dI1L0lFNzM=,compute
000000000000000000000000000000000000000000000000e2eaa99fc008f87f,626SgurEHc2EeeJ/nvxV/YNM1PrIkaCyeHB6DBsimXg=,compute
000000000000000000000000000000000000000000000000e2eaa99fc008f87f,6VWWzDQRONki6x2z5XAWH2+a5zZ04ljaw6aGLbnEAJ0=,compute
000000000000000000000000000000000000000000000000e2eaa99fc008f87f,9IS980R5iPJ7J/YYqnNH+O7x80bggQFqBpPg4QQOUHE=,compute
000000000000000000000000000000000000000000000000e2eaa99fc008f87f,aJFHeID4Q7qUfMa42dRwaa9PQrZ/cVDiE3WNt4bQjo0=,"compute,validator"
000000000000000000000000000000000000000000000000e2eaa99fc008f87f,B6dFsY7qeLAL9PaWPqsMUrZGA9cxH/Tpy9BqXfyGSII=,compute
000000000000000000000000000000000000000000000000e2eaa99fc008f87f,bKvnByvx8qwF41EqOG6wdmatGzz/qT2nbHC8i8VM65k=,compute
000000000000000000000000000000000000000000000000e2eaa99fc008f87f,BZvhmvc1YZpXteI2nPhBDyC2jxi04MHEbKXB1DpTM1w=,"compute,validator"
000000000000000000000000000000000000000000000000e2eaa99fc008f87f,cb/avZHoAQkZiHGzkjJxEkVsqiiiJzL/5fHp1TsDTdY=,compute
000000000000000000000000000000000000000000000000e2eaa99fc008f87f,CdkWAAnsdYg0g6yl90Eiqdwqer6NK9yIxWWvPR3fwD8=,compute
000000000000000000000000000000000000000000000000e2eaa99fc008f87f,Dpj1ibIMtTHMh/i5qh0eZcGGmOVODELSHvg/ZFBIPbY=,compute
000000000000000000000000000000000000000000000000e2eaa99fc008f87f,/Eaqj+uXXHILx77s/YUhuMLC+4BZ9NJMOwKbWch3Lqw=,compute
000000000000000000000000000000000000000000000000e2eaa99fc008f87f,giemTZIHjRmBA3FzYMK01eokfs8L/VmusK3M5+lUdGc=,compute
000000000000000000000000000000000000000000000000e2eaa99fc008f87f,ITrwEekdZNqXrEzvw3GT6Q3AtHDd51f19nD2nVU/f0c=,"compute,validator"
000000000000000000000000000000000000000000000000e2eaa99fc008f87f,jVPUq8aUDKe9jawIs7wPB4NBml27ft5kICIY7SBh/yQ=,"compute,validator"
000000000000000000000000000000000000000000000000e2eaa99fc008f87f,+KKK2dlxTHDcRpjdn6JJLk4gy+33Au0ihh8y2r5VA4Y=,compute
000000000000000000000000000000000000000000000000e2eaa99fc008f87f,MDRdg2CAm8zmal3EJgzZJAJcj5ouKiSxu17o2pUuog0=,compute
000000000000000000000000000000000000000000000000e2eaa99fc008f87f,mzyTqDaPTimoJtrBiZLBcEbSLbb4loUB3+AoeVmVsBI=,compute
000000000000000000000000000000000000000000000000e2eaa99fc008f87f,OP7xxC8xk/KD+BHEePKcG/YKvz9OR48UORDaKvo31M4=,compute
000000000000000000000000000000000000000000000000e2eaa99fc008f87f,pGkBYly79y2gJUEOau8XN04ErcfwrObO+W5+CYXJW5k=,compute
000000000000000000000000000000000000000000000000e2eaa99fc008f87f,PsfFUQrXqGoFtowWZcoc8ilh8xHP94LvNYHvqQHpw1E=,"compute,validator"
000000000000000000000000000000000000000000000000e2eaa99fc008f87f,qnRAoObwndP/P9otTzQ/9Z2+vmSQ1Pch7G4tGBSTxCo=,"compute,validator"
000000000000000000000000000000000000000000000000e2eaa99fc008f87f,QZIlX6n68y2iGuLleKPd+9bXxOs0LUhfcRDJqiJiw7s=,compute
000000000000000000000000000000000000000000000000e2eaa99fc008f87f,r5d6MxZK8vMb1P5y5NSzi4uiofaUk3rfAwvYw6sV3ms=,compute
000000000000000000000000000000000000000000000000e2eaa99fc008f87f,rczLI7bYocBYyQ+bsnHPNPKc+SJpunQiuxip/tNlolw=,compute
000000000000000000000000000000000000000000000000e2eaa99fc008f87f,RzMsfs49HQDT5fIVKQ+flR/sCJjrkKDPsc5ZS6O7VdM=,compute
000000000000000000000000000000000000000000000000e2eaa99fc008f87f,S2eoEMq6Qzms5Yd/fIOhSEacHp7Pym0BfgBEmsijEDw=,compute
000000000000000000000000000000000000000000000000e2eaa99fc008f87f,sLIgBDXHbMpBCAgKfn3TXaqo86PeX5G1+/fAiNWMcS8=,"compute,validator"
000000000000000000000000000000000000000000000000e2eaa99fc008f87f,wdxW8Bk1hZvQANQHRCO8MzbgRsdC5c7mpLjsNYLM82I=,"compute,validator"
000000000000000000000000000000000000000000000000e2eaa99fc008f87f,wUwFhNRaqtIxt+rilTsggYm4Thwk8e6lxAUmWtYAyvY=,compute
000000000000000000000000000000000000000000000000e2eaa99fc008f87f,XCiPWblWT3n1aN2NI0vslmlfV9GOkxE2Ih2SI66ZR38=,"compute,validator"
000000000000000000000000000000000000000000000000e2eaa99fc008f87f,ZbybO0JMEkwg1+LdEUTh8Vmx0d9u7RUZHZnD73gWpIs=,compute
000000000000000000000000000000000000000000000000e2eaa99fc008f87f,zibJtnvTpDotvOK3a3nNYmlYwg/K4TdZB781TQCEAT4=,compute
000000000000000000000000000000000000000000000000e2eaa99fc008f87f,+zVbgQqOdY90Z2NQKXFByNT0OwLxj/Ho4j4qT5u2yKM=,"compute,validator"
000000000000000000000000000000000000000000000000f80306c9858e7279,4wqhqp5wDAfvQxNZUUSDmM2fVYrkxKq/tqjnnCe72Uw=,compute
000000000000000000000000000000000000000000000000f80306c9858e7279,82isbQ3iZxvzgBGhk9kqOuyO87h6VXkXma8dDdBkHCM=,compute
000000000000000000000000000000000000000000000000f80306c9858e7279,a/BCcmjawMU5EHQk+mGSb1GMFpU4YCze3IyOziEWihY=,compute
000000000000000000000000000000000000000000000000f80306c9858e7279,bKvnByvx8qwF41EqOG6wdmatGzz/qT2nbHC8i8VM65k=,compute
000000000000000000000000000000000000000000000000f80306c9858e7279,CdkWAAnsdYg0g6yl90Eiqdwqer6NK9yIxWWvPR3fwD8=,compute
000000000000000000000000000000000000000000000000f80306c9858e7279,DW4/7kVEumpZV1CmntaQBncSV36t6QoE0QwQd5pLIZU=,compute
000000000000000000000000000000000000000000000000f80306c9858e7279,fn3LWIvMtary53Apk1srDB/I9SxjbpYf9Tt2bH3Qkf4=,compute
000000000000000000000000000000000000000000000000f80306c9858e7279,HH/jnBO0AqHocNg4aS7MiMjiKmta1VP0ceRc0iILMAw=,compute
000000000000000000000000000000000000000000000000f80306c9858e7279,Io86AKuu7YDnya+fVnldHBybFggwCoXeQPu3Wj8kHW4=,"compute,validator"
000000000000000000000000000000000000000000000000f80306c9858e7279,ITrwEekdZNqXrEzvw3GT6Q3AtHDd51f19nD2nVU/f0c=,"compute,validator"
000000000000000000000000000000000000000000000000f80306c9858e7279,jLOqojA6c57BmepLlYN91hiYYRUZ2JjdwhF0xeb1asI=,compute
000000000000000000000000000000000000000000000000f80306c9858e7279,mIKW8IEDWZZxCRtDTvWQLpslvfUBwWxVAxLakwq25C8=,compute
000000000000000000000000000000000000000000000000f80306c9858e7279,PsfFUQrXqGoFtowWZcoc8ilh8xHP94LvNYHvqQHpw1E=,"compute,validator"
000000000000000000000000000000000000000000000000f80306c9858e7279,V1e0MLFxqQo79+Y9HL8EBao8oPsifyyTHlOlhVh6XaY=,compute
000000000000000000000000000000000000000000000000f80306c9858e7279,wZNYpW5PIb2M/Y8IlaBJ6YrHY89QV2JMT3CiNmou7Tg=,compute
000000000000000000000000000000000000000000000000f80306c9858e7279,XCiPWblWT3n1aN2NI0vslmlfV9GOkxE2Ih2SI66ZR38=,"compute,validator"
4000000000000000000000000000000000000000000000008c5ea5e49b4bc9ac,GUv0rlbF/gwoW5LB5GbQFhKeOgWggeyIOKpmcl6F/08=,key-manager
4000000000000000000000000000000000000000000000008c5ea5e49b4bc9ac,iCxHrT+MjezjnXYWow6WIC135ovbyoKf0eH7oAgcgPU=,key-manager
4000000000000000000000000000000000000000000000008c5ea5e49b4bc9ac,KlHCyREmtZ4VY1/T3jLdjdeouW8Dmu64PspMu2vxxi8=,key-manager
4000000000000000000000000000000000000000000000008c5ea5e49b4bc9ac,LNSX1eLN+UD69AOtgRHzA80ET8AbbVBcGZKTxZw2TPw=,key-manager
4000000000000000000000000000000000000000000000008c5ea5e49b4bc9ac,Lu0WKasV1u0Dx4TmbcrqnskNVpc1iP/+qCWTFKv+XPQ=,key-manager
