runtime,contract_address,creation_tx,abi_md5
emerald,oasis1qp2hssandc7dekjdr6ygmtzt783k3gn38uupdeys,,
emerald,oasis1qp2juy5t573y7jtpu3cq7rfm6arppd0eggk6m777,,
emerald,oasis1qp2z4pf2hl6r88qyglka3hcnjnw2l56sgq72s3yl,,
emerald,oasis1qp6d38qpctlgy8myw6pslhkasvqwzthjf5pc6sdf,,
emerald,oasis1qp8u6h300nwywlzgec2z0hmpwzmpy04t8sgp36xn,,
emerald,oasis1qp9kz5m8k2n8qyprpy9usuuwr23gkar2vy5mexvw,,
emerald,oasis1qpdkszd7u4rmnmjt7tmd9hp4x6t2umdt75279s3m,,
emerald,oasis1qpf8k4rqtqzvrppa353nrwnry3pp66062ssvpw45,,
emerald,oasis1qpfhzkpwz5qgt0g9mlhqh29u3hyqcu4sygkt4va7,,
emerald,oasis1qpgcp5jzlgk4hcenaj2x82rqk8rrve2keyuc8aaf,,
emerald,oasis1qpgdkpsgu3a74fjqsfv29j6604mmn8759cvw5y0z,,
emerald,oasis1qph3te3wwjdvuk7lftyuyzz69q2259v0lg4nupvk,,
emerald,oasis1qphpvuqjsgce3a53q38q7g2cnhcsvfwq6ggp0hja,,
emerald,oasis1qpjpq2y4l457jkzgeaje56htzfxmg07x4uf8zjma,,
emerald,oasis1qpl38f2a8m55ylha8ysdn03ya0mgrftkasmy8wyv,,
emerald,oasis1qpmu8k80egszzxs9ruc4zzklsd69u79tvgmt8prt,36256f7494f8826254b23f176af842e7c1a70e1b46f707eab506ca1a0101dba6,
emerald,oasis1qpmuy6ly4wmxh8v7z8xzxfyfvjcdgdaw2y4ppdgm,,
emerald,oasis1qpp2qztm74z9wjskcpja0er2wgp44sntryzzkag8,,
emerald,oasis1qppj4s2vw6fxfghng4gzdqfvv2w3g82hy5y96ntd,,
emerald,oasis1qpq3yrj345tt4pg8aj3gjqv2lnefgrsvgceexxsf,,
emerald,oasis1qpqgvsuuex7t980a09g668q762nwq2zc5sm9w07r,e3c2bec4113bfda2325eae1b2a54fff5454357a6948bf870f66db60e97522f6f,
emerald,oasis1qpqwemqq33k222dx7gndg47el46w3fr6dcj9rcws,,
emerald,oasis1qprwghd5hcn4gtmanac3l4nsmcsdj6mwfs7jlckf,,
emerald,oasis1qps0k8k3ugqa8zpsc0c075h9a5lamjzcegshzrnt,,
emerald,oasis1qpssvkplnlpzdvwxpgmrhf9j5lkyvaylcvujhjhg,,
emerald,oasis1qpsxnr8zpacjpd5pdz94qll49z54zyj6ssnhtexg,,
emerald,oasis1qpuqs65me58n6mt05ezd7cnttx7k57w28v36l4ca,,
emerald,oasis1qpv8julmghfjyd3c0m8n7z4yuzhrsr0gfygafdtz,,
emerald,oasis1qpvx2al9uua40qc274acvhj3dhx8z7zy75s5t5eg,,
emerald,oasis1qpwfattevwdlz8606x5e7m74zttjzs6x9vxfu64j,18c1132d9525be43cbd3b17cefd7c1efbada94842b8d9947f16cb217771024a3,
emerald,oasis1qpx6ptg39e5drnfeu29qf2zpmnsw5mdufutlxd7a,,
emerald,oasis1qpxvxjfs8v8pscn52rvtdqyqwd38gxfs4uq9h5q5,,
emerald,oasis1qpy40p966dhvqhq0pge9xghwnlqmua4mpysgu4vr,,
emerald,oasis1qpyf4aq4ggfsp8nydnda489r44tfdsmjeunl6sva,,
emerald,oasis1qpyyglghqwzfqpwuvcmvehkxc24r8f5leq3cp3mk,,
emerald,oasis1qpz2wzyqmzdy7gnwwswewhpzpt70jxakygtpwlqu,,
emerald,oasis1qpz9qjs2urvlez6ahfhg8dmm8n2kfgsmws9dja9r,,
emerald,oasis1qpzma04ftdpdlzrx6tr8rh6mtx6pfxnf9y4vc24a,6739fcbb7042c5f9e75c3944ccda324f248a5785bf96f4878020739a50df7ba3,
emerald,oasis1qq0q90sm07duq3xxn6qx9fc8djsv8nnyf59zjyk4,,
emerald,oasis1qq0sjw85d6dl5kljks3u4wsve2vvw03cacxlmhl8,,
emerald,oasis1qq3jtem5m56xj26duhmlzpp9u4823j59kyynt8tg,,
emerald,oasis1qq3q3awrrcl64rzvhxyc6ykjveny7zczkqrm28yp,,
emerald,oasis1qq4hp3mfsp2vvfqlt35tn59h4cx08wyd2vlrpxx7,,
emerald,oasis1qq60pyh8rrrmnpv3q222wp0t7qe4q75pavp682zk,,
emerald,oasis1qq6w27n94lf45hshtyxuwd9a4sq56t8cxyke8zd2,,
emerald,oasis1qq7sakxrkt4rsntlslq4w8jjnyxug73z5qc66hwl,,
emerald,oasis1qq92lk7kpqmvllhjvhlc282zp6v2e2t2rqrwuq2u,,
emerald,oasis1qq99v6kf9fc9z326vyt6zx5qu0tul883lvw62zvp,,
emerald,oasis1qq9kxt0t49ryrmrs2s3u3hhkujs6damk6u9g6ly4,,
emerald,oasis1qq9tq8e35djpuw0nsenu7aufaurycsvlgcv40946,,
emerald,oasis1qqaft65h9j07l4salzrdca4a2k5lnzxc8uu8m6tk,,
emerald,oasis1qqatz6uj08mvs4nh4y8cnlzlkfsrgpg98uza0fm3,,
emerald,oasis1qqc5vysfhw00x9h3804q0nzsh2ux8sjthq9umf75,,
emerald,oasis1qqcy50uqn7skgcetyysy3fsyn5xuunnxxq8fd96t,,
emerald,oasis1qqed7mp902c0n76h5tk4k3fgu3vnhd5yhql4482n,,
emerald,oasis1qqehgt8jfnczmku5hazxkkprw5nqqk4nvunx9zf4,,
emerald,oasis1qqewaa87rnyshyqs7yutnnpzzetejecgeu005l8u,,
emerald,oasis1qqfkkkmgrg4x775s3em06326z723capfuqdtx0f8,,
emerald,oasis1qqfrw3fuaejtk7g2f5c95hk9d8tqawpmpuf90062,,
emerald,oasis1qqgqw6fs93w0j9mrpxjg4uavqlz6y8fj9s9vv0lk,,
emerald,oasis1qqh7mvlge57vsllqu5dnuerscwa22jj9eqwvpmxs,,
emerald,oasis1qqjv74rz8e6v9q6yn7y76zvf0yv5299ejsaxnjqu,,
emerald,oasis1qqnu9prrj5nddz3ccpnm5vkq92j3cncy5vdasvsm,,
emerald,oasis1qqsc4q8umvgcff4dxcpvnw8l80wsls9y6qcn7m42,,
emerald,oasis1qqt6kmyzv620rmx4mjzqlugy4n0y4nhyzsattr7x,,
emerald,oasis1qqv6q4pu9jkpmv243c0l3f7p3v7g96an9g6syyjn,,
emerald,oasis1qqv90mllks2c3ntq6zjxs3wzqzxy2lwc9vezfmw9,,
emerald,oasis1qqvfw8dtvd5e02wds06f0wuxldwwm3tyqqgnswcd,,
emerald,oasis1qqx3a57vuy8w3negw5uvs8f7kdq757euwqaysc6u,,
emerald,oasis1qqz8706pmf38wmptl6dkcaec8yykw0rvfv7ql6fc,,
emerald,oasis1qr3g9759ew429lytjq3a7pe2zpnmqtdueqdszy32,,
emerald,oasis1qr42htk98ncwm2cyuk4up6me8emkxeg6kcvzduq9,,
emerald,oasis1qr5ywytpvjed426nsja9ann4yg0tfngrxypcv6ah,,
emerald,oasis1qr8f54qhsr68qvx35xrwtrx62h7a7ns665wglflu,,
emerald,oasis1qr8styzhwcncqa006aj4dzmxhf26qavg5vjexley,,
emerald,oasis1qre25pq009ekmvy0qdyzun06l7v46936rqgzqnh8,,
emerald,oasis1qreaq2qyqgduwv2sg3ejh5c5ghwrkmpc2g56c6k8,54c12c6bad5b259d80821fb4bb1689a58c9b5b765c75c1d61993421724431b32,
emerald,oasis1qrensf40cjj8m8gjyd6xfh3mjahzlnyamc9g2q93,,
emerald,oasis1qrg90d4qlelg5zg4q4sd4y0z8j2lpjpvuspzjlyl,,
emerald,oasis1qrj2s3g6pcrlwr8atsn89370m7upnp7cpcew9xxk,,
emerald,oasis1qrk9appc6lhxnx5xhk0ga2w8http5h6fsylxyau7,,
emerald,oasis1qrmcsstlyge9ye9wnx845z08w65ktz2hfgxrxsrd,198d3427e34674aacc5ee83c9d3af7b9b2e1d373983a097f0860ac367766d61e,
emerald,oasis1qrmtfytxk3exv60rpkv8p8ve99sf3kzp8u9ng4gq,,
emerald,oasis1qrmvlmawpdx0eq0rxygsgzqyq5m86729jyu6xh0c,,
emerald,oasis1qrqe5d3r2l8ajar4j9tctg7xt9tfp2947qqkvpm0,,
emerald,oasis1qrrmuaed6numjju8gajzn68tn2edlvycjc50nfva,640cf83881464a7cbc3bb8bbd9af142b12b71f777d8414bfa7c2a12d4b7ae567,
emerald,oasis1qrrpaag84tz26q2fr5c4netrg6hdtf68jg03sqpz,,
emerald,oasis1qrtlvpm04zgmw6szxhtae5z077e23cy6u5lfsql0,,
emerald,oasis1qrtn6tdgevwyzl0cjulwe8zs285zv60kpq8vks2v,,
emerald,oasis1qrvdes3ftgkyw90y89xn33ecmca7guk8hylq2vlg,,
emerald,oasis1qrwcw4a893jp0jf5zg92ugz96rp2vj2mcvrsqmpl,,
emerald,oasis1qz08ahae2ud4s4qjhnhpk77hh75a38ujg5hdap0f,,
emerald,oasis1qz0szf4f4lcn3qr4aree5una2gyz0snq6sgafy5m,,
emerald,oasis1qz3k8dgyujr8khv2da9vmazc8pw96j5gg5ksqntv,,
emerald,oasis1qz3thwqrq7nq6lljr39k0dhsx375u7yl7c894h4f,,
emerald,oasis1qz47uczrprmg29zgqxd08mp09xc9f3yylusldlyt,,
emerald,oasis1qz4fatp3chaj6h9qcytuue6g60dpavt6zqj73h3g,,
emerald,oasis1qz4v67vla0sa0394ye5ycfylukxj5l4vlcar249m,,
emerald,oasis1qz6uvey3ge99kvj5z8yl4hs635gunehyc54adgk6,,
emerald,oasis1qz7s3smrqf9y303sev38d9sr275ce87yhsfa80da,,
emerald,oasis1qzcf8p8asg8htf2ht58khq3hh8j88sct3qtd4whv,,
emerald,oasis1qzd707f54lht9knu8evtxhph8tqsh3r6mqmxt6pl,,
emerald,oasis1qzel2watfs6g3cm765dwlukymjs5k3rnhvua4z78,,
emerald,oasis1qzemcf097zq5l70hfcrg7kyqu0yuzpv8hvrmhdmx,,
emerald,oasis1qzf24rkgkqxs3qkt2mqe8mcg8hpna45c8y0cqykc,,
emerald,oasis1qzfhgk8k0jngpqzdancfnte70usmlnf6zgkwqnys,,
emerald,oasis1qzg3nrd697tfq6zvpcvnkhvrj709n3al7u49hhry,,
emerald,oasis1qzg7xve45pr675d8gl3pxrulzjqtyt4d5qvc0j2v,,
emerald,oasis1qzge7jxdy2rnyx6gqxn2f8kq2j45cq4ejs46y4fe,,
emerald,oasis1qzh32zjl5gt0tf7hwzkjyk7h70kra2ce3scg5l8n,,
emerald,oasis1qzhsuyvfz3wejykay6aw2dna2c2sa5jm9ced2anm,,
emerald,oasis1qzj2hwfs3yjm20jz5h70yk3etsst0k8s3cnl6l08,,
emerald,oasis1qzjge63qxxxdfl6chfhj2d8pt9eskf6v2udndjt4,,
emerald,oasis1qzjqk7axskydek8q32t0vp9mpm0j6rhw5vfh9tzw,69912a71f098e31877df549e922a1d51f811ef7e135e7a32c5d5a40aa81309aa,
emerald,oasis1qzk2nmzdx4mu8c0jaxqrk4lcs5q6j6gag59marct,,
emerald,oasis1qzkskxeey4ptn033cwm3slszkhkqn4n8k52hvl0n,,
emerald,oasis1qzku3tl87xye7t43uulnchvm9qkj6fw5hsyt28aq,ede7de6a36d5ae499e3d3ed8ca4996d2adfd679aecd57dfe68b7143bff19b66e,
emerald,oasis1qznmqsnk68y9y2uvsnu23djdwc2kc82dryytc8sr,,
emerald,oasis1qzp0422ahnsllgptgwwsy5e2lnuglfgjpustt8cg,,
emerald,oasis1qzpc0chmr742sux0686yce8jvgg6r4krkqzkljky,,
emerald,oasis1qzr3tn5zg0cu4kzd7jar0hx8zeg77xqjavrqst0k,,
emerald,oasis1qzsahvt5ud3kn5uwuqptwggxun30yxazzyum64ks,,
emerald,oasis1qzvsgch6ma6qz8h8tjcwwcz8nq4ugq5h4c2hw68k,,
emerald,oasis1qzwr3xtmuq0q0rufe54xcl7ajrlghu7fgqlkvvue,,
emerald,oasis1qzwx2gjl6nwnuyu22vzurptmylyqpthe2sfcd203,,
emerald,oasis1qzyqgctzy34a6uftvtz3mh5ylmpytak5xsa8hdkm,,
