runtime,round,sender,receiver,amount,nonce,module,code
emerald,1003601,oasis1qpm7qsr88cmvn29khfu4dqvn4prmawdll5v9zp9u,oasis1qr7uve5p6n4xc02554w65rh4q77jm9gdfqjuetlr,2995000000000000000000,27,,
emerald,1004038,oasis1qpw0wss6f5y7850pgyyzsu4acdta76zrg5m0c4rx,oasis1qpuyu9ezwajf958wwgg6e4tmdfejgm8hky7vcwzl,4000000000000000000000,101,,
emerald,1004219,oasis1qpz05rar96qgchm3wg3l9u4u7lwsv66fqy2rjqv7,oasis1qpk9ftcrqkl5cy2dn52d6ldk37a4t5849yk0kq84,8402400000000000000000,94,,
