runtime,address,num_txs,gas_for_calling
emerald,oasis1qp2hssandc7dekjdr6ygmtzt783k3gn38uupdeys,21,0
emerald,oasis1qp2z4pf2hl6r88qyglka3hcnjnw2l56sgq72s3yl,15,3637923
emerald,oasis1qp34kkehla7yylh40qzcwcn8xk605sad8syam969,3,0
emerald,oasis1qp37wr9lcl7fnguwldtvahcmhzg64vtfpykcgyeh,2,0
emerald,oasis1qp3r8hgsnphajmfzfuaa8fhjag7e0yt35cjxq0u4,736,0
emerald,oasis1qp6dyyw2wd5hdhpew3z6z3ktdvjmclplqsna0g8l,1,0
emerald,oasis1qp6w9twdl90uka6hdyz9d77n4p6h9s2tw52ykgdc,4,1117885
emerald,oasis1qp7qu3ghp36dnu75nxqxaf2pysfjka4c9qslqd3j,1,0
emerald,oasis1qp9y49mj48rwwrfspq92swmvl82jlpeh0gk0yzy3,1,0
emerald,oasis1qpc03cz4ca7tuqt3hq4eeksxltwdgypwevxlq7mc,1,0
emerald,oasis1qpc5cf65jykyxeu9kmnyexftwmxaz07wvypkjny6,4,193770
emerald,oasis1qpcvkkzjel4c2yxj5u9mgdnv9vqdlfecwu59ufdr,1,0
emerald,oasis1qpddzj66u55388eavfu898t9yeu5vpnmzsan3g3w,4,0
emerald,oasis1qpdgnx93fef8dkwg8yeyusmpr8cvap93kyagu99e,3,0
emerald,oasis1qpdnr0hsh6nhxw4tn8jdz2l7lnn26aqlgvn8vuqk,6,694876
emerald,oasis1qpfn2a2eaq7nssacgenly89265w70jqhmydfjrvv,9,0
emerald,oasis1qpgcp5jzlgk4hcenaj2x82rqk8rrve2keyuc8aaf,35,138763
emerald,oasis1qpgvjkelzwd0yucjqyfpfzalrp3x74se7y922a7s,2,0
emerald,oasis1qph3te3wwjdvuk7lftyuyzz69q2259v0lg4nupvk,1,61011
emerald,oasis1qpjgvcz6vkp56lr3ydv3ud895cekdsal0cluwgz0,1,0
emerald,oasis1qpl38f2a8m55ylha8ysdn03ya0mgrftkasmy8wyv,1,0
emerald,oasis1qpmy4fny3y5xve6wnk75cnuchtxjn5g0qqp8euk0,1,0
emerald,oasis1qppl222vljqfdrzku52ydxfc5dx9rdcqrcf5rrkq,1,0
emerald,oasis1qpplwuh66jlk3lxg3mccf668cr7hc5unvvkpu3ya,1,0
emerald,oasis1qpqd5zmqj3sge85dm9c79myagjhu53dxfsc5gf5h,6,0
emerald,oasis1qpqxrgk3up3sdaw5wp7x34demuew8rez3gm9uzwr,1,0
emerald,oasis1qprz7yxgtxms7mxuqpdxjs4uw7ysy3r63yn49mfg,3,0
emerald,oasis1qpsk5mc28pa0ee7h0jy5ctvcm04d8k68dg5lmhsq,1,0
emerald,oasis1qpuqs65me58n6mt05ezd7cnttx7k57w28v36l4ca,5,0
emerald,oasis1qpuwytx7fzjcgfqtj7d9ltufgdwgu882pvngwlwt,1,0
emerald,oasis1qpve0wet32pdvf90avmafm4uex8d2gxxvc57ywgy,1,0
emerald,oasis1qpyjr44w6886xj5qytfnuue08l76sgjkhsvws67p,10,0
emerald,oasis1qpzdjjhnhddd2ry46hnemw0ahanf907xdcg77u6q,7,0
emerald,oasis1qpzuck03ywk7p5z7s3tfvafyqc2ky85nygehetg3,1,0
emerald,oasis1qq2wlhqq5ywd7qqakj98k8svfze8y4kyts70564v,1,0
emerald,oasis1qq3q3awrrcl64rzvhxyc6ykjveny7zczkqrm28yp,3,0
emerald,oasis1qq475ejy9vcu50zcm8szu02lsuumxrm7gyek3lxe,1,0
emerald,oasis1qq5zd0ucxulf290fpxa8l980nd32xhrwmu2ajk44,1,0
emerald,oasis1qq6auam9nml83fh93ucg9dj3jwwynkt6e5y0sssl,1,0
emerald,oasis1qq6ulxmcagnp5nr56ylva7nhmwnxtf0krumg9dkq,79,863615
emerald,oasis1qq7dn3ppeuf2mj9spj7952xek57cwuwpa5neg82z,4,0
emerald,oasis1qq7skvgv97fqerg9atlauuj9fhk7dm6yqcnxtzsq,5,444581
emerald,oasis1qq7t9gxg74r2eruvcwfyckd9a48rcy79hg9mej3g,2,81126
emerald,oasis1qq7zr2dyn0vq00akdkxlty2zcgyam4yzyc30jskh,1,0
emerald,oasis1qq964up7kc7kvdv5eyg8mmx9ezfd5nlxsce4gsx4,1,24227
emerald,oasis1qq99mv2uw7egktmxme24r63v5gzy95lfmsgd3ua7,17,0
emerald,oasis1qqaft65h9j07l4salzrdca4a2k5lnzxc8uu8m6tk,20,0
emerald,oasis1qqehgt8jfnczmku5hazxkkprw5nqqk4nvunx9zf4,2,0
emerald,oasis1qqetzvdks0ex9u22huyu8k8v9hlnn0tf3gwpedyj,1,0
emerald,oasis1qqfmvrywd8alavrcddyhx520xsa0mku70vf5e0az,4,0
emerald,oasis1qqfrw3fuaejtk7g2f5c95hk9d8tqawpmpuf90062,14,0
emerald,oasis1qqhrzjhnedaxycs4rnkd95vjna64fz2m3uvqzses,1,0
emerald,oasis1qqjv74rz8e6v9q6yn7y76zvf0yv5299ejsaxnjqu,5,549264
emerald,oasis1qqjvnegxxntvr0weyf3whr8u563dmyk2rsxx8q4n,1,0
emerald,oasis1qqkna7pg6h0rcu0dljz38vnnqyz0erd08vxqfv6w,1,0
emerald,oasis1qqktf2lksvculs4xujqfrpfph6guqllydvucy6z8,1,35614
emerald,oasis1qqlh08k9cas5lzvlu89pdplm30s02pte3vetp0l0,1,0
emerald,oasis1qqmuh5ulwd9qph79ukpc7wke9n7vuxgg6yy7ccrh,1,0
emerald,oasis1qqn5lhdlq7t730qyrsxj4ph4a8xnhwjtcs87fmrd,79,0
emerald,oasis1qqqcryk8qurda9lk62xsz3uylsrgaagfx5j2xve8,17,0
emerald,oasis1qqrmcuaa759868kdkxrrze8gdfjk5nnll58cg0pq,1,0
emerald,oasis1qqu63tmeewvh8f4anzjjqt9mpvml326s6y4wk6ly,2,157416
emerald,oasis1qqx30tpcx0lxapa6c2x9zz077l2un0r68yrxtljn,6,0
emerald,oasis1qqxuy9ruhqgrldd28nefukn0qsqzuhl0tq4tsul7,17,2146258
emerald,oasis1qqymyjgkyv6a77fzw7xjpg9l7tq5955vfg7sd6tk,17,0
emerald,oasis1qqyzqap973z3nf4ejfzwk6dj95e573xumyafs686,3,0
emerald,oasis1qqz8706pmf38wmptl6dkcaec8yykw0rvfv7ql6fc,32,0
emerald,oasis1qr07pu463e03nx9gjyq33hz2q2merxxfuu8cmx70,1,0
emerald,oasis1qr0a0z8t8f42hqaqzpfle80e34h7fr5c7vyvt547,1,0
emerald,oasis1qr22t40c5jr4zll36hesmg5hgvzzhy8g9uq2m0a9,4,0
emerald,oasis1qr3hj3yu8juw5amp9kj4lc978sa9tj6t2sf988h8,1,0
emerald,oasis1qr4jqduh239ktwtcaxfxmcyl80qlepd0yquwxmt3,1,0
emerald,oasis1qr52l4f5d24wlcxs34ds0kaas5qutm96pytyhd7q,1,0
emerald,oasis1qr5vpvmhxgymefgxx66mn5heayeyec69xgvzr5p9,2,0
emerald,oasis1qr677rv0dcnh7ys4yanlynysvnjtk9gnsyhvm6ln,42,0
emerald,oasis1qr6ywp9x0muet93fr9yttrfj8w3uk40uj5k7yya7,1,0
emerald,oasis1qr9ak7ck2fs3pscs635gapk96ncl02yyxggrqgq5,4,0
emerald,oasis1qr9v8ptn3a8t6j4cfenshz8sdj8plr0v6y820gk7,1,0
emerald,oasis1qremvadldwylzntzw5rcde3k5tlx0wgtzq70nvst,1,0
emerald,oasis1qrezuunl06005z8lyxkkrwh2w0zyvcmxdsad4xx4,1,0
emerald,oasis1qrg7a5hgvxpewjhxt0y02z7tcawxtk0pyvpm58g3,1,0
emerald,oasis1qrkduywy87peq6lunpez0nksjyph7psx75dh0t7k,1,0
emerald,oasis1qrlh3tknupc8mhy2t4dhjvxcksp9w4ef7v4l56lk,8,1425754
emerald,oasis1qrnwj5842vc3ty3q8k42ptmxm39dgtr4hyplq5cl,1,0
emerald,oasis1qrsl7tgujttvscfe2k268s7q2s7kdu9tyv9qv2tx,2,0
emerald,oasis1qrvha284gfztn7wwq6z50c86ceu28jp7csqhpx9t,17,0
emerald,oasis1qrws9mk3jrs2tylw25rsh0euwh7lsvv2p55y8pkw,5,0
emerald,oasis1qry3w8j35ytzk4nqhgjctueen64jfxh7qydz99n3,9,0
emerald,oasis1qz0pxnvfm2pjz0ukflx55fpf86ncxt3smqu7mr5u,4,0
emerald,oasis1qz2570ua8yrdl6ra3mmdlztynkhz9yccuukywywr,1,0
emerald,oasis1qz29t7nxkwfqgfk36uqqs9pzuzdt8zmrjud5mehx,3,2585119
emerald,oasis1qz30l4zareghgw0qxnulwzpxca7lrl9scyw7t4jv,1,0
emerald,oasis1qz3jxsypv35z2xla6dlv5fj72ey7pljnrvxrngzq,4,0
emerald,oasis1qz3rauns8p4hz4cpgquqlxp5atzxggsdqg8g4c93,1,0
emerald,oasis1qz3zx5uhz7d9uhcdwsh0w2x4c0pmzv392cfhv5u7,1,0
emerald,oasis1qz4h7h4mv3zfd9p7mntwc4njl3ln67accvy7rkmq,1,0
emerald,oasis1qz4lrurp6nacf4tdnay3lnhytg5rcqng9qdejvp5,1,0
emerald,oasis1qz629557xs0j6vk9ulwk4k3mjkdpvfncrs5h0zg8,1,0
emerald,oasis1qz670t637yyxshnlxhjj5074wgwl94d0x5x69zqd,79,885760
emerald,oasis1qz6m48jljzlpdz52prgfhrppnz0ffshlt5j7kjaz,1,0
emerald,oasis1qz8lgahem3cg72vy2cnzfkpkex3cwrwtpvpfxxqj,8,0
emerald,oasis1qz8xeseyx7tjqzx7v65ftrurc5md5nyr8va0v6zl,3,0
emerald,oasis1qz9sdyycylsudurrz2pj35k2klmass390uj7ec6t,1,0
emerald,oasis1qzaplxey2g4l2wj3xpn34ay3lfz00j23wy3kkpju,1,0
emerald,oasis1qzc8t2e6j8r2x03ts2em3sx3v6w4ypghgvms3tum,3,0
emerald,oasis1qzcf9az52kh4727r7yrv2nllhem39fwfpvzja942,1,22144
emerald,oasis1qzchk9eh0n4p2raym2e6cyvegrjumxl3lqkfhztr,499,11045859
emerald,oasis1qzdu377u334aj024tw62n8gwjlzr0x2eagts3y86,1,0
emerald,oasis1qzel2watfs6g3cm765dwlukymjs5k3rnhvua4z78,1,0
emerald,oasis1qzfekqu9xc6srvhm2gg7l37qhwjnwdm605txmcfr,4,146228
emerald,oasis1qzj2hwfs3yjm20jz5h70yk3etsst0k8s3cnl6l08,19,0
emerald,oasis1qzl7w57gags5wlmhhxe22h5tqx7ggw8jfq0ryr93,8,464617
emerald,oasis1qzlqgyqp2fjla8r6rf5k3dd0k0qada9n5vyu4h3l,3,0
emerald,oasis1qzmy48hjrk8wzrws9l8ur6naxfgqkdjr5ugyzluc,1,0
emerald,oasis1qzn8n6z368lrvvwmnfqa0xz25nxscgvg65395s8r,2,0
emerald,oasis1qznwr0g3rtzly56a869dlvca5sc7uyj2ju3jp2f9,5,792769
emerald,oasis1qzpxtzc3xphccjq94wxffchfc5sua5t24vc6gvt6,1,0
emerald,oasis1qzqq3uxrhjgk9zvvyh5ukvu9rgmuydfvmu3fw6j7,1,0
emerald,oasis1qzr3tn5zg0cu4kzd7jar0hx8zeg77xqjavrqst0k,2,471113
emerald,oasis1qzty5hwx9yelrshpcqa58hxl6m7na75q9stdkzgm,1,0
emerald,oasis1qzvg9uxzksvqlcwrcjhpm384n53j0yqz9qh70cj2,1,0
emerald,oasis1qzwr3xtmuq0q0rufe54xcl7ajrlghu7fgqlkvvue,3,146586
emerald,oasis1qzxx6htc6cceayd492mqt6lqc8l3eda29cnscx67,4,0
emerald,oasis1qzy4d830q7kh40gr89ynqwndwlgh88y9zy8v9r8g,1,0
emerald,oasis1qzy65m52h5pz5z7vmr08n3jr23v7cjn67vvfwjys,17,781999
emerald,oasis1qzypxmt5xg8039329zvre7hxe7kn0vxfugsknqtw,79,0
