id,start_height,end_height
28017,16817956,16818555
28018,16818556,16818955
