runtime,contract_address,creation_tx,abi_md5
emerald,oasis1qp2z4pf2hl6r88qyglka3hcnjnw2l56sgq72s3yl,,
emerald,oasis1qp6w9twdl90uka6hdyz9d77n4p6h9s2tw52ykgdc,,
emerald,oasis1qpc5cf65jykyxeu9kmnyexftwmxaz07wvypkjny6,,
emerald,oasis1qpdnr0hsh6nhxw4tn8jdz2l7lnn26aqlgvn8vuqk,,
emerald,oasis1qpgcp5jzlgk4hcenaj2x82rqk8rrve2keyuc8aaf,,
emerald,oasis1qph3te3wwjdvuk7lftyuyzz69q2259v0lg4nupvk,,
emerald,oasis1qq7skvgv97fqerg9atlauuj9fhk7dm6yqcnxtzsq,,
emerald,oasis1qq7t9gxg74r2eruvcwfyckd9a48rcy79hg9mej3g,,
emerald,oasis1qq964up7kc7kvdv5eyg8mmx9ezfd5nlxsce4gsx4,,
emerald,oasis1qqjv74rz8e6v9q6yn7y76zvf0yv5299ejsaxnjqu,,
emerald,oasis1qqktf2lksvculs4xujqfrpfph6guqllydvucy6z8,,
emerald,oasis1qqu63tmeewvh8f4anzjjqt9mpvml326s6y4wk6ly,,
emerald,oasis1qqxuy9ruhqgrldd28nefukn0qsqzuhl0tq4tsul7,,
emerald,oasis1qrlh3tknupc8mhy2t4dhjvxcksp9w4ef7v4l56lk,,
emerald,oasis1qz29t7nxkwfqgfk36uqqs9pzuzdt8zmrjud5mehx,ddbd6d4af2372b828ae78b1e13ad54ce2c88d58b388775cee61341e8867bb9b4,
emerald,oasis1qzfekqu9xc6srvhm2gg7l37qhwjnwdm605txmcfr,,
emerald,oasis1qzl7w57gags5wlmhhxe22h5tqx7ggw8jfq0ryr93,,
emerald,oasis1qznwr0g3rtzly56a869dlvca5sc7uyj2ju3jp2f9,,
emerald,oasis1qzr3tn5zg0cu4kzd7jar0hx8zeg77xqjavrqst0k,,
emerald,oasis1qzwr3xtmuq0q0rufe54xcl7ajrlghu7fgqlkvvue,,
emerald,oasis1qzy65m52h5pz5z7vmr08n3jr23v7cjn67vvfwjys,,
