runtime,token_address,account_address,balance
emerald,oasis1qp2hssandc7dekjdr6ygmtzt783k3gn38uupdeys,oasis1qpddzj66u55388eavfu898t9yeu5vpnmzsan3g3w,8925767113
emerald,oasis1qp2hssandc7dekjdr6ygmtzt783k3gn38uupdeys,oasis1qpl38f2a8m55ylha8ysdn03ya0mgrftkasmy8wyv,867288410
emerald,oasis1qp2hssandc7dekjdr6ygmtzt783k3gn38uupdeys,oasis1qpyjr44w6886xj5qytfnuue08l76sgjkhsvws67p,1576141
emerald,oasis1qp2hssandc7dekjdr6ygmtzt783k3gn38uupdeys,oasis1qpzdjjhnhddd2ry46hnemw0ahanf907xdcg77u6q,58976453511
emerald,oasis1qp2hssandc7dekjdr6ygmtzt783k3gn38uupdeys,oasis1qq3q3awrrcl64rzvhxyc6ykjveny7zczkqrm28yp,48571574480
emerald,oasis1qp2hssandc7dekjdr6ygmtzt783k3gn38uupdeys,oasis1qqaft65h9j07l4salzrdca4a2k5lnzxc8uu8m6tk,138030662783
emerald,oasis1qp2hssandc7dekjdr6ygmtzt783k3gn38uupdeys,oasis1qz4lrurp6nacf4tdnay3lnhytg5rcqng9qdejvp5,3558164033
emerald,oasis1qp2hssandc7dekjdr6ygmtzt783k3gn38uupdeys,oasis1qz8xeseyx7tjqzx7v65ftrurc5md5nyr8va0v6zl,63070890223
emerald,oasis1qp2hssandc7dekjdr6ygmtzt783k3gn38uupdeys,oasis1qz9sdyycylsudurrz2pj35k2klmass390uj7ec6t,1887670830
emerald,oasis1qpgcp5jzlgk4hcenaj2x82rqk8rrve2keyuc8aaf,oasis1qp7qu3ghp36dnu75nxqxaf2pysfjka4c9qslqd3j,1717624331146817154117
emerald,oasis1qpgcp5jzlgk4hcenaj2x82rqk8rrve2keyuc8aaf,oasis1qpddzj66u55388eavfu898t9yeu5vpnmzsan3g3w,129188107284826776296243
emerald,oasis1qpgcp5jzlgk4hcenaj2x82rqk8rrve2keyuc8aaf,oasis1qpl38f2a8m55ylha8ysdn03ya0mgrftkasmy8wyv,10758108258389926742997
emerald,oasis1qpgcp5jzlgk4hcenaj2x82rqk8rrve2keyuc8aaf,oasis1qppl222vljqfdrzku52ydxfc5dx9rdcqrcf5rrkq,269669541074418722075
emerald,oasis1qpgcp5jzlgk4hcenaj2x82rqk8rrve2keyuc8aaf,oasis1qpyjr44w6886xj5qytfnuue08l76sgjkhsvws67p,25902727118548976891
emerald,oasis1qpgcp5jzlgk4hcenaj2x82rqk8rrve2keyuc8aaf,oasis1qq3q3awrrcl64rzvhxyc6ykjveny7zczkqrm28yp,600425624051580331007580
emerald,oasis1qpgcp5jzlgk4hcenaj2x82rqk8rrve2keyuc8aaf,oasis1qqaft65h9j07l4salzrdca4a2k5lnzxc8uu8m6tk,1696396442734811839111265
emerald,oasis1qpgcp5jzlgk4hcenaj2x82rqk8rrve2keyuc8aaf,oasis1qqehgt8jfnczmku5hazxkkprw5nqqk4nvunx9zf4,1418866402436935567968928
emerald,oasis1qpgcp5jzlgk4hcenaj2x82rqk8rrve2keyuc8aaf,oasis1qz2570ua8yrdl6ra3mmdlztynkhz9yccuukywywr,1795149868463159038038
emerald,oasis1qpgcp5jzlgk4hcenaj2x82rqk8rrve2keyuc8aaf,oasis1qz9sdyycylsudurrz2pj35k2klmass390uj7ec6t,23335981911559977590510
emerald,oasis1qpgcp5jzlgk4hcenaj2x82rqk8rrve2keyuc8aaf,oasis1qzj2hwfs3yjm20jz5h70yk3etsst0k8s3cnl6l08,854059916342434759806459
emerald,oasis1qpgcp5jzlgk4hcenaj2x82rqk8rrve2keyuc8aaf,oasis1qzn8n6z368lrvvwmnfqa0xz25nxscgvg65395s8r,300458008509362925697446
emerald,oasis1qpgcp5jzlgk4hcenaj2x82rqk8rrve2keyuc8aaf,oasis1qznwr0g3rtzly56a869dlvca5sc7uyj2ju3jp2f9,771231214210325378641
emerald,oasis1qpgcp5jzlgk4hcenaj2x82rqk8rrve2keyuc8aaf,oasis1qzxx6htc6cceayd492mqt6lqc8l3eda29cnscx67,79853707979306723407912
emerald,oasis1qpgvjkelzwd0yucjqyfpfzalrp3x74se7y922a7s,oasis1qzwr3xtmuq0q0rufe54xcl7ajrlghu7fgqlkvvue,10000
emerald,oasis1qpuqs65me58n6mt05ezd7cnttx7k57w28v36l4ca,oasis1qqfmvrywd8alavrcddyhx520xsa0mku70vf5e0az,2862180255
emerald,oasis1qpuqs65me58n6mt05ezd7cnttx7k57w28v36l4ca,oasis1qz8xeseyx7tjqzx7v65ftrurc5md5nyr8va0v6zl,62683096788
emerald,oasis1qpuqs65me58n6mt05ezd7cnttx7k57w28v36l4ca,oasis1qzn8n6z368lrvvwmnfqa0xz25nxscgvg65395s8r,24202453884
emerald,oasis1qqehgt8jfnczmku5hazxkkprw5nqqk4nvunx9zf4,oasis1qpc5cf65jykyxeu9kmnyexftwmxaz07wvypkjny6,25684777851459473736
emerald,oasis1qqehgt8jfnczmku5hazxkkprw5nqqk4nvunx9zf4,oasis1qr9ak7ck2fs3pscs635gapk96ncl02yyxggrqgq5,20687819115159643531
emerald,oasis1qqjv74rz8e6v9q6yn7y76zvf0yv5299ejsaxnjqu,oasis1qpfn2a2eaq7nssacgenly89265w70jqhmydfjrvv,368800178881999954400000
emerald,oasis1qqz8706pmf38wmptl6dkcaec8yykw0rvfv7ql6fc,oasis1qpdgnx93fef8dkwg8yeyusmpr8cvap93kyagu99e,1007912976260418815275988
emerald,oasis1qqz8706pmf38wmptl6dkcaec8yykw0rvfv7ql6fc,oasis1qpfn2a2eaq7nssacgenly89265w70jqhmydfjrvv,514130134637
emerald,oasis1qqz8706pmf38wmptl6dkcaec8yykw0rvfv7ql6fc,oasis1qpyjr44w6886xj5qytfnuue08l76sgjkhsvws67p,318811780947607064372
emerald,oasis1qqz8706pmf38wmptl6dkcaec8yykw0rvfv7ql6fc,oasis1qpzdjjhnhddd2ry46hnemw0ahanf907xdcg77u6q,30465931440057233305968835
emerald,oasis1qqz8706pmf38wmptl6dkcaec8yykw0rvfv7ql6fc,oasis1qpzuck03ywk7p5z7s3tfvafyqc2ky85nygehetg3,160889136319698390289
emerald,oasis1qqz8706pmf38wmptl6dkcaec8yykw0rvfv7ql6fc,oasis1qq99mv2uw7egktmxme24r63v5gzy95lfmsgd3ua7,7160785965000000000000000
emerald,oasis1qqz8706pmf38wmptl6dkcaec8yykw0rvfv7ql6fc,oasis1qqfmvrywd8alavrcddyhx520xsa0mku70vf5e0az,1491763204539769010680743
emerald,oasis1qqz8706pmf38wmptl6dkcaec8yykw0rvfv7ql6fc,oasis1qqfrw3fuaejtk7g2f5c95hk9d8tqawpmpuf90062,36922970751276404169005387
emerald,oasis1qqz8706pmf38wmptl6dkcaec8yykw0rvfv7ql6fc,oasis1qqjv74rz8e6v9q6yn7y76zvf0yv5299ejsaxnjqu,76810856253711373505795962
emerald,oasis1qqz8706pmf38wmptl6dkcaec8yykw0rvfv7ql6fc,oasis1qqymyjgkyv6a77fzw7xjpg9l7tq5955vfg7sd6tk,7471038935000000000000000
emerald,oasis1qqz8706pmf38wmptl6dkcaec8yykw0rvfv7ql6fc,oasis1qrvha284gfztn7wwq6z50c86ceu28jp7csqhpx9t,7470983949400000000000000
emerald,oasis1qqz8706pmf38wmptl6dkcaec8yykw0rvfv7ql6fc,oasis1qzdu377u334aj024tw62n8gwjlzr0x2eagts3y86,64170454000000010000
emerald,oasis1qqz8706pmf38wmptl6dkcaec8yykw0rvfv7ql6fc,oasis1qzj2hwfs3yjm20jz5h70yk3etsst0k8s3cnl6l08,35624819074760974473614984
emerald,oasis1qqz8706pmf38wmptl6dkcaec8yykw0rvfv7ql6fc,oasis1qzr3tn5zg0cu4kzd7jar0hx8zeg77xqjavrqst0k,2404327493078000265117747
emerald,oasis1qqz8706pmf38wmptl6dkcaec8yykw0rvfv7ql6fc,oasis1qzwr3xtmuq0q0rufe54xcl7ajrlghu7fgqlkvvue,26645595443354098986964880
emerald,oasis1qrsl7tgujttvscfe2k268s7q2s7kdu9tyv9qv2tx,oasis1qzxx6htc6cceayd492mqt6lqc8l3eda29cnscx67,149436791
emerald,oasis1qz29t7nxkwfqgfk36uqqs9pzuzdt8zmrjud5mehx,oasis1qzlqgyqp2fjla8r6rf5k3dd0k0qada9n5vyu4h3l,2
emerald,oasis1qzel2watfs6g3cm765dwlukymjs5k3rnhvua4z78,oasis1qqehgt8jfnczmku5hazxkkprw5nqqk4nvunx9zf4,51439845884602704231
emerald,oasis1qzel2watfs6g3cm765dwlukymjs5k3rnhvua4z78,oasis1qz2570ua8yrdl6ra3mmdlztynkhz9yccuukywywr,64831590528995396
emerald,oasis1qzj2hwfs3yjm20jz5h70yk3etsst0k8s3cnl6l08,oasis1qpc5cf65jykyxeu9kmnyexftwmxaz07wvypkjny6,10469382797258604484783
emerald,oasis1qzj2hwfs3yjm20jz5h70yk3etsst0k8s3cnl6l08,oasis1qpzuck03ywk7p5z7s3tfvafyqc2ky85nygehetg3,4494511262
emerald,oasis1qzj2hwfs3yjm20jz5h70yk3etsst0k8s3cnl6l08,oasis1qr9ak7ck2fs3pscs635gapk96ncl02yyxggrqgq5,5872638166888039826933
emerald,oasis1qzj2hwfs3yjm20jz5h70yk3etsst0k8s3cnl6l08,oasis1qzwr3xtmuq0q0rufe54xcl7ajrlghu7fgqlkvvue,5149068959493180167578164
emerald,oasis1qzpxtzc3xphccjq94wxffchfc5sua5t24vc6gvt6,oasis1qz4lrurp6nacf4tdnay3lnhytg5rcqng9qdejvp5,44067482702695753664301
emerald,oasis1qzxx6htc6cceayd492mqt6lqc8l3eda29cnscx67,oasis1qzr3tn5zg0cu4kzd7jar0hx8zeg77xqjavrqst0k,2448257715745403
