runtime,contract_address,gas_used,created_at
emerald,oasis1qp2z4pf2hl6r88qyglka3hcnjnw2l56sgq72s3yl,3637923,
emerald,oasis1qp6w9twdl90uka6hdyz9d77n4p6h9s2tw52ykgdc,1117885,
emerald,oasis1qpc5cf65jykyxeu9kmnyexftwmxaz07wvypkjny6,193770,
emerald,oasis1qpdnr0hsh6nhxw4tn8jdz2l7lnn26aqlgvn8vuqk,694876,
emerald,oasis1qpgcp5jzlgk4hcenaj2x82rqk8rrve2keyuc8aaf,138763,
emerald,oasis1qph3te3wwjdvuk7lftyuyzz69q2259v0lg4nupvk,61011,
emerald,oasis1qq7skvgv97fqerg9atlauuj9fhk7dm6yqcnxtzsq,444581,
emerald,oasis1qq7t9gxg74r2eruvcwfyckd9a48rcy79hg9mej3g,81126,
emerald,oasis1qq964up7kc7kvdv5eyg8mmx9ezfd5nlxsce4gsx4,24227,
emerald,oasis1qqjv74rz8e6v9q6yn7y76zvf0yv5299ejsaxnjqu,549264,
emerald,oasis1qqktf2lksvculs4xujqfrpfph6guqllydvucy6z8,35614,
emerald,oasis1qqu63tmeewvh8f4anzjjqt9mpvml326s6y4wk6ly,157416,
emerald,oasis1qqxuy9ruhqgrldd28nefukn0qsqzuhl0tq4tsul7,2146258,
emerald,oasis1qrlh3tknupc8mhy2t4dhjvxcksp9w4ef7v4l56lk,1425754,
emerald,oasis1qz29t7nxkwfqgfk36uqqs9pzuzdt8zmrjud5mehx,2585119,2023-12-12 08:28:36+00
emerald,oasis1qzfekqu9xc6srvhm2gg7l37qhwjnwdm605txmcfr,146228,
emerald,oasis1qzl7w57gags5wlmhhxe22h5tqx7ggw8jfq0ryr93,464617,
emerald,oasis1qznwr0g3rtzly56a869dlvca5sc7uyj2ju3jp2f9,792769,
emerald,oasis1qzr3tn5zg0cu4kzd7jar0hx8zeg77xqjavrqst0k,471113,
emerald,oasis1qzwr3xtmuq0q0rufe54xcl7ajrlghu7fgqlkvvue,146586,
emerald,oasis1qzy65m52h5pz5z7vmr08n3jr23v7cjn67vvfwjys,781999,
