id,entity_id,roles,expiration,voting_power
0/0TJw2+i1XVYn3Z7igQSpdGoZ0cFdyI4GVcopmH2hI=,IYoCG9YW+623ri5Mgzr0rcrnJTGaLhTeq/JdOzMx2Mw=,validator,28018,118644618714317
0NRs2/1SB/Zbr2Kd5RjM0+KHBrx9mbOLad8qwyQaNvQ=,iGs5cCGos/I5KQv82MwgGMNENaxy3bhuWdFXtINcu0U=,validator,28020,1784309021042877
0qOmNfZvPDnjyzPU/97x1FWsl0d3UsImNiSNXd7lE/0=,uxSkvFu6x4MIYV+M1VrDu3m/qbADs/1Ae3mWAcEmnaQ=,compute,28020,0
1Eh9S7bnBnYzhdMuRc8W1DtGsjgMptbRktoE7tw/HiA=,jzTWYikeN6NIuMQ6l4iqdDOF9jyfOJG2FcnQaNBn9+s=,validator,28020,622152519404739
2cCzBxxmU/xnZwBf7aEoPiKXx5JWURZrkfHHXML8bmk=,fhXoWYc8Ml153jBBvFrQ4CRY7vnbCk9j269rVLeg7cE=,validator,28020,793090356990377
30EjgJoHQmUx3fwvZcxmTjV56ra/yoKoTsMv1l9icLc=,C7he7BJPrgVrsGRm4m+OFcHlcNYOEPSGeerxvV/BsBA=,compute,28020,0
3xkzy9g5wL1sqGY8cnd6A7kFuwFM4yuUt0nEJrdHNJ0=,3DRMMM7ye2HREvk8zz06OjMG6BuWjs84PLdSYChNHAw=,validator,28020,1850649400116537
4bv9f6NqLf4+6+QII+p48KgpagFXk9PgIdefbuo2spA=,UkwjS1YvEfHx9b6MMT5Q1WvCY3aWn2lxRDsB/Pw+zGk=,validator,28020,4546237779496083
4mcgJKfEa6RqWh9NqSJ+/yfs6X8dU0tG1dI1L0lFNzM=,RMa2ER0wvraR+4u5QOGOrRTwmMVOYNcOot7sFppPRP0=,compute,28020,0
4rUqFOE27urnaltMm2XqyuxcghXs4xRep3AV3mXSTt4=,T5k7PtOR01oZrdnZveDpO9AFpMUhEREZk7WSSfm8Gtg=,validator,28020,3344314661918167
4Tz2fSohCN3mm3I9sA6hAQMv/8nmj4ssIXKoOBnxBek=,izy38AmUeU4b4L23kVy4BlxbkHGOPy4KPSSLnJglrV0=,validator,28018,0
4wqhqp5wDAfvQxNZUUSDmM2fVYrkxKq/tqjnnCe72Uw=,g9UqzvW6JvfKrflRKbCPBpm41rH/O+4apCK+KkD2tG4=,compute,28020,0
5GNoYx8mSk4PjcXLyi2I50Bw7n1ATsqAtttVjRzTuEY=,p1VsfSsedbKn/5GzkPsr15XD+/AOIfbPda1/2yT84N4=,validator,28020,2810333352344620
5RIMVgnsN1D/HdvNxXCpE+lWH5U/SGYUrYsvhsTMbyA=,gb8SHLeDc69Elk7OTfqhtVgE2sqxrBCDQI84xKR+Bjg=,validator,28018,0
5sCeNfer0j+/7H1VUAeCWphA3CDfZ2MxFA1zFVzPgPU=,eHY1nPuUkCr168VEeefDUW75w7Z5n54sJ2J70NSzNcA=,validator,28020,226540486510645
5UbIi8RQj4flFn9N8wHjQqp6QwZFJi2QdD2mOYLa/sY=,FDqRmM1FyhaGas+lquWmGAKgMsU2rj7UESAlnOHtxco=,validator,28020,0
626SgurEHc2EeeJ/nvxV/YNM1PrIkaCyeHB6DBsimXg=,F5eduX4m4O/ot3UcFs3iQk1ZPUuG43kuxGI9sZz95uU=,compute,28020,0
6drUHh4qocfbBsA12qM8pTerEcbqhdaHt+v33sEr5kk=,N+3/m12DoAqzFS0yF3R/kXSkSj7pZnWhq8nRCo/MKwk=,validator,28020,3878679245689438
6iVX2oi9FANusFaQPmIDSWu3qLNE2YKMPhQeO1EhUNQ=,Hgacs48hpElimzXAoMmox5T7sAalPLp7vdVr1wAPevo=,validator,28020,36368794300776
6VWWzDQRONki6x2z5XAWH2+a5zZ04ljaw6aGLbnEAJ0=,9+lM5vQ1g+cVzjaNM78gxw1yUegVj57tHDbpN7DKIvw=,compute,28020,0
6wbL5/OxvFGxi55o7AxcwKmfjXbXGC1hw4lfnEZxBXA=,9sAhd+Wi6tG5nAr3LwXD0y9mUKLYqfAbS2+7SZdNHB4=,validator,28020,31903165146578018
6XcILTcGhjvVaWI/tRvZfUTp4huxgg6OBvFQrNmx9DY=,YDHYz/R+Y7pCodhmgkCqzoqqN54gzRfVE5fjZriX+RI=,validator,28020,2155088774823581
+7Jku1SXiunTIHYxYNu4WGNo2g3uSQh2bXych4f1fDc=,29VJbrrthqvw/ti3Vj7cASwkM9VMVa/RTKiwMBdWDQk=,validator,28018,0
7Rz1yAFZcAD06OOTZxx5LLDg2L5+1Me4304xZB8cgxU=,YDHYz/R+Y7pCodhmgkCqzoqqN54gzRfVE5fjZriX+RI=,compute,28020,0
82isbQ3iZxvzgBGhk9kqOuyO87h6VXkXma8dDdBkHCM=,N+3/m12DoAqzFS0yF3R/kXSkSj7pZnWhq8nRCo/MKwk=,compute,28020,0
9IS980R5iPJ7J/YYqnNH+O7x80bggQFqBpPg4QQOUHE=,T5k7PtOR01oZrdnZveDpO9AFpMUhEREZk7WSSfm8Gtg=,compute,28020,0
9R8sWVuwyIoE64JXu2sdDWR6vdqFr/X9aEWvPE8G824=,D8oCKJab4LtOMQJR0YQZXx+fMw6QHyTiv3YCfN8tM18=,validator,28020,1652774216592556
a/BCcmjawMU5EHQk+mGSb1GMFpU4YCze3IyOziEWihY=,p1VsfSsedbKn/5GzkPsr15XD+/AOIfbPda1/2yT84N4=,compute,28020,0
AFg3reZ2n4Xmz1io3+oLQz9ZkfNRkLopO1DkWZuzUCQ=,ms7M1v8HfItCnNNJ0tfE/PsYQsmeD+XpfGF1v0zR2Xo=,validator,28020,3620475693605702
AiYyIwAJcdc9yGoBHnP4ycPtd/N2DOR0kqVrQWlS46Y=,NPpx1ozb2JfWypxnksSzRHi+fLA2w2YpWmtZvEptMNk=,validator,28020,162158568238512
aJFHeID4Q7qUfMa42dRwaa9PQrZ/cVDiE3WNt4bQjo0=,ko5wr5SMqhKb+P1kimM1EF/T4SqvW/WjSOwPHigQl+k=,"compute,validator",28018,2431770222442441
ao6m4qMGefemuUiwr6GoqxaeWoX14uQ7YTxTajKADQg=,hNBVs2ay1IWvufQwX0TbYA6X4ocKaMpzpyaMTHggi6Q=,validator,28020,3260268332230039
apKOntFDXWhpOfYAn1r84IWDG2KGBBAox4usIDhZcns=,32KS5Z9LWTD2UEUOqhRwZyJvb0lb12iiE9UYgoFjsKQ=,validator,28020,4355334345360668
AVQbWvlbKOHi3z8uibbOVl3xsCJsw2YtWG5XXdbhhpI=,bTok0el8GbmUzTAAgcQ78uww/TsgeWwXpM3N2S49qBQ=,validator,28020,1843773648812438
AZJhDCByjr/YdTvA7uFnIeYcg7iuHPGiDrJRKaEOYHA=,DIbPacWGEiealk+226eYEafYmKJpD98PYoWp/tcPXJI=,validator,28020,2294935242424635
B6dFsY7qeLAL9PaWPqsMUrZGA9cxH/Tpy9BqXfyGSII=,iGs5cCGos/I5KQv82MwgGMNENaxy3bhuWdFXtINcu0U=,compute,28020,0
b+6HsJ3SRI9f3eecG0bSZG/7UQzEBcJsIi4z07ytmEA=,9NtPTr6f0Sc0+y/z3as4OzytmNHgrD8SV541PBKb2XA=,validator,28020,3250599628987143
bbkPZRl8KA//0joD1R9HPnucJ4GklCoAtUoJrincsoo=,2bgTFAzVLsQuQnA7cNn/pRLJvemueq/73GhzFFDVdZc=,validator,28018,0
bKvnByvx8qwF41EqOG6wdmatGzz/qT2nbHC8i8VM65k=,hNBVs2ay1IWvufQwX0TbYA6X4ocKaMpzpyaMTHggi6Q=,compute,28020,0
BZvhmvc1YZpXteI2nPhBDyC2jxi04MHEbKXB1DpTM1w=,kupW3Pt0XMeERSkdDWyZMU4oZrk0wGysVXVyqX3rylc=,"compute,validator",28020,3403624079219081
c7ycVhiEqHbQfOdeeaj965nuxN8Hsb4BxMPbaPIipRw=,kN01v7L/wv6hvrd1ak83pgCedGDnpgbGJVkXezhUUJ8=,validator,28018,0
cAv9RnPhVePF291QmZNF2Jex0EFcm2Br942ve3Ifxns=,LQaKibf9tD8KXO210NhiDUHzXTsRIeK5l/3ITmfg118=,validator,28020,178128090301763
cb/avZHoAQkZiHGzkjJxEkVsqiiiJzL/5fHp1TsDTdY=,bTok0el8GbmUzTAAgcQ78uww/TsgeWwXpM3N2S49qBQ=,compute,28020,0
CdkWAAnsdYg0g6yl90Eiqdwqer6NK9yIxWWvPR3fwD8=,UkwjS1YvEfHx9b6MMT5Q1WvCY3aWn2lxRDsB/Pw+zGk=,compute,28020,0
CPLy/FYKtIVK7JOspFi3G1Afkurqmh2tAtiDq4rnSfI=,9yOiPY3NnNMpEzB+6XS/OqahzFwwX8mFhmT2fvbxlVI=,validator,28020,2837637937700289
DGntJaRFwLUKi879qSLbt1uP3w5cE5vMAlYMispiaFE=,WKCE1sMmJLe+DsdIQBMkPiKEgBpAQO+PjCeWjmLA1EM=,validator,28018,0
dMaOtmpPbdB7ukYfXdo+ssTTCjX2Qspmi1YJIg5Hcr0=,J3ou5m1abrwcbYwTksSj1Hj21QoDjyrSkjB40rEKV4E=,validator,28020,2736624707230437
Dpj1ibIMtTHMh/i5qh0eZcGGmOVODELSHvg/ZFBIPbY=,sDi9ZxHYB+rHTpVh4abNFXDMRSecfGe4QzbyGK8ZgQg=,compute,28020,0
DudLYGDVKMgh/OZ0rOsoxeCNzSxalm4bvQsrsE/H9XA=,bb1zWp0gzS1ij1OY3KzxC0BJNdqkAiJ26z3iD8slt7c=,validator,28020,6006105120821732
DW4/7kVEumpZV1CmntaQBncSV36t6QoE0QwQd5pLIZU=,RMa2ER0wvraR+4u5QOGOrRTwmMVOYNcOot7sFppPRP0=,compute,28020,0
e25jqMK9FwlwuV1VPS/dkriJlYh7zKp+1H9B8xAu2LI=,VsrHPScBde1FUb+BDWONvLxxwKOKevLB7FRbUAaiF+Y=,validator,28018,0
e5ebJbZikm11u56wEOM9Ka1uVUS1Pckgc8RGmahs8Ss=,XSQLBoubhOq/X86vKIj4Xzouo1Fhe39+kLF/2PDgKpM=,validator,28020,1795969207510365
/Eaqj+uXXHILx77s/YUhuMLC+4BZ9NJMOwKbWch3Lqw=,D8oCKJab4LtOMQJR0YQZXx+fMw6QHyTiv3YCfN8tM18=,compute,28020,0
ejPrx9xTpKV3GTZgthFQWf3UPMFFBseRtc0A17ak1TU=,tcon38rBr3dHmURuXOTUFpDPKwE4eOU82F121rX9esE=,validator,28020,1753082273426040
eudq22Uwt0ciC7/BYN3TsUy+MCataTkQjwS/BBlgvJE=,KmMS+RzjQ9vm9J2aX9YihJnmmSc/IBquCysbhPxVDFM=,validator,28020,683756002977988
Fg9vlXWjuP7OZHhLMliDzfTOenuxtYo93VxQquFDUxw=,JuHLTlYMfnBtwHawFRRqvMOi+1P0mx+mfhFqnrpo3L0=,validator,28020,3264453677776889
fn3LWIvMtary53Apk1srDB/I9SxjbpYf9Tt2bH3Qkf4=,UFXCpcvXBOHbxtObG4psGcn+LgZOedvDDUAqVengpPk=,compute,28020,0
g1N1PdE7dBT5yYyhCbVa44637hhsIpIH8EF8gFlmiIQ=,MfN+qM5pwFRl6i/UVDSBll2UB0D6b2vKy7He1g5CEok=,validator,28020,51283682191636
g4GC/b200mEkFXNhsOJxQKdo39DAHayAxrO+c1AhfhI=,QNXjdhgd/NSfLbHeZB0n8yv5dSyl6jm4MSHjjduuj5M=,validator,28020,2361594168466702
GbyaSlSmHP7INTdznI0NzlN0VWGrPJX5ZQqTNZqNC7o=,/ZcvHCNyKIwyFEF075X1wqFGhKxEhYeJRdDtoyaTC/w=,validator,28020,4922201735007926
giemTZIHjRmBA3FzYMK01eokfs8L/VmusK3M5+lUdGc=,cVGc1fI6xu0WeI2GUrLIwDpH/JtBE3PwD+P66YkSKg8=,compute,28020,0
GrfIMoanLXIPuS91RhqdikNLcebWN26tMM2/iIA8cAE=,3NKMT/Qz11e2xklwSCV/zeawLE3BIO/Rn4LfaV47QJI=,validator,28020,824083460214930
GUv0rlbF/gwoW5LB5GbQFhKeOgWggeyIOKpmcl6F/08=,W3dPidk7Q+NVS6Q/248eS5K2IXpSbM6oQVXA6Kcxiao=,key-manager,28020,0
GWBXv2OxowCLsRGyT/cND2TKEs9kpo4xtvr1JTsB8R0=,RDCyARTIdpiG75L9vVXAYIhRCToSrchZkv3JUW3Pji8=,validator,28020,237773260828267
GY1goAIuGGSeVrhjhgVAp4JB0y6l3P5+TnozeBxu/kw=,/Foi5kZdBc70HPmlguvY6AzBILNrNiPDgKQLOITuIEI=,validator,28020,1736509831768607
GYJsEu4Yp+CGEQVjy4owQAG6l6xEvGzcNM1xBHaEv6U=,g9UqzvW6JvfKrflRKbCPBpm41rH/O+4apCK+KkD2tG4=,validator,28020,3086274751464075
hDQp4FhwWREN09nSGMPJAEYKeCmxG/joQivxfY3vyi8=,a/LVFfoI3aRoasZs6tP/Lvn0CbG6RkvEFYHcVR/Vo9M=,validator,28020,429252784854745
HH/jnBO0AqHocNg4aS7MiMjiKmta1VP0ceRc0iILMAw=,iGs5cCGos/I5KQv82MwgGMNENaxy3bhuWdFXtINcu0U=,compute,28020,0
HnLtoQyiKOkr2NMcQsQ4UH0HW8qkLRGWn4mgkDLNoEo=,7n6AYdYIuGar561yxifDtrR9NVekDavFlpeHVZinCSc=,validator,28018,0
HtMg7C5OOSLdjm6fCYBoLJ6lrmkthM2fVQPykOq3S9k=,1aTTEfSIcVxsPS86uIA7rSD2Jmb+aIVj1grCEjyzlzQ=,validator,28020,4822438253997837
HZGW8QfuMUv/JEa1HqT19HrGTdJY3mWH4nogaWrWK+0=,L4OY/0mNEduAS9z6jh2xLp72b8gZURgcrd76AOiRIXk=,validator,28020,1641011959901689
iCxHrT+MjezjnXYWow6WIC135ovbyoKf0eH7oAgcgPU=,zTaXae6g9SX3WE2PCZtJnXYTxGtWQM/bw7abXQymNkQ=,key-manager,28020,0
IdElhqKVZCHY9Lo6222te1wSdhPPAz/OCsoSRkWrXXw=,klORAmjq81QKiUA0CsXaANxYVesTWM7CKdaSlm7u9tM=,validator,28020,1810418806792831
IEkIQb2o8l0xlFIpN47FmOYcBmFch9DsZGs8OuZqQ6g=,uxSkvFu6x4MIYV+M1VrDu3m/qbADs/1Ae3mWAcEmnaQ=,validator,28020,3513558186372270
igLfuIxxqZATg0snKVTFoeRaqrlNq5r69ofncwlUA8I=,9+lM5vQ1g+cVzjaNM78gxw1yUegVj57tHDbpN7DKIvw=,validator,28020,1740025122401581
Io86AKuu7YDnya+fVnldHBybFggwCoXeQPu3Wj8kHW4=,oOVxTw2hEYgYvSrTjjKODCt/Soy3OLcQV9YBy/PF/xY=,"compute,validator",28020,0
ioLADiyiFmIms+8fib3N36/TX5XEnHrs2vWcH5LxHGo=,WXs7ElBlm30la2fG4oZDpubeFu5sKkjDVeflWo+YuIA=,validator,28020,1807883950508396
ITrwEekdZNqXrEzvw3GT6Q3AtHDd51f19nD2nVU/f0c=,J2nwlXuYEPNZ0mMH2Phg5RofbZzj65xDvQMNdy9Ji0E=,"compute,validator",28018,2349296265173979
I/Vnwyi7FJdROFe64fbaqE3t55OLcUBY8hVK64VNrqc=,F5eduX4m4O/ot3UcFs3iQk1ZPUuG43kuxGI9sZz95uU=,validator,28020,1752370798014738
J2vFhYaht7l1B++dBUTzqubT72WfOeeBkI8rOamrgGc=,dUF4nN35B7VmJllLtIID0HwyjVCXzGmAk+og9hpAARY=,validator,28018,0
jezrY6n61D/wD39nZKC+LpYfOZt5AN8gZ5SWu9vypD8=,tvPlmGHv5aokL9MMBqNAkSOygldJIlRTmSIvCwuh0rU=,validator,28020,784409460326357
jKA6PqWwftnglxywnQQPoIcb7j2HQVu7anf2i7LWU2c=,c+Kr/VTZLJes6N2u6nTEj7aWje8wHApJeVEoOdvhCh8=,validator,28020,439169349831084
jLOqojA6c57BmepLlYN91hiYYRUZ2JjdwhF0xeb1asI=,kupW3Pt0XMeERSkdDWyZMU4oZrk0wGysVXVyqX3rylc=,compute,28020,0
JThJEQbC1iFVbdy6nFz6mSwChY5xgnOwbWAV3igG6mE=,/ylWdaid2DDlI4BMVkX6gAR6eaBYlLolHbjCmHitrzc=,validator,28020,1802583845053905
jVPUq8aUDKe9jawIs7wPB4NBml27ft5kICIY7SBh/yQ=,oOVxTw2hEYgYvSrTjjKODCt/Soy3OLcQV9YBy/PF/xY=,"compute,validator",28020,3776172592266215
jZ2/EOnpmPCxCfd5wrrLINNdZSPWyhIx9UqJgZ8sHYk=,LaKJUKndAqH57DVExspTjdRTRNGJOSqArzM0pm8REZw=,validator,28020,1799447815926711
k0g6YN7CFSgjaPU1EjVWXhzPVmEset+3sQ3c3NJ8Ys4=,RMa2ER0wvraR+4u5QOGOrRTwmMVOYNcOot7sFppPRP0=,compute,28020,0
K5roq8kvag0dzkdauemq4PLfQG/rA4ZeItZ/op2PfGo=,8rh2lgEm7QscCrLkVqcLMkRxfbNDIe+laI4H8nI/d74=,validator,28018,0
Kb6opWKGbJHL0LK2Lto+m5ROIAXLhIr1lxQz0/kAOUM=,xQN6ffLSdc51EfEQ2BzltK1iWYAw6Y1CkBAbFzlhhEQ=,validator,28018,0
ked2iuR80WQdb4g7l+PqbQKGJAvD4+KVPFwuDc5nU6M=,eZuacXy5s3/nolB/E3gF4vqUYdvfOlVaaBXGfZcGwKc=,validator,28020,23508310046553456
kilLHKVgCJC5T62styokgO0IHWmLClT85XzFDSBCjok=,o8leC3xb2Wsrt3FwX33R9S9vKQJR8zPBSB62YyNRAQc=,validator,28020,356496938671611
+KKK2dlxTHDcRpjdn6JJLk4gy+33Au0ihh8y2r5VA4Y=,/Foi5kZdBc70HPmlguvY6AzBILNrNiPDgKQLOITuIEI=,compute,28020,0
KlHCyREmtZ4VY1/T3jLdjdeouW8Dmu64PspMu2vxxi8=,70K0o8zDkrDL1ciDOlXcErh2ABKnwJbNlUn0HOMIo/k=,key-manager,28020,0
Kv7anzrQTWYDQRLCo1/pkMRV65HpvJCvSEjO/R8wHkc=,BTAJNDyd6/UQ+pfhTDdPGsothzJ+C5/C/g52a3DIlMw=,validator,28018,0
L30YgJjYQQIJXtjk50Xx3G+M0+epASC5SS8cDun3a4g=,uxSkvFu6x4MIYV+M1VrDu3m/qbADs/1Ae3mWAcEmnaQ=,compute,28020,0
lbxs4hlud9XNloIOdhJPaCahd7HtiY8QATCgGnFfCM0=,kfr2A6K6TlvhQm4nz88Hczzkd2Aq5PlkxSpnmUUBAFs=,validator,28019,0
lCQsP7Rhw/EdcM2sVDXOzWcUDHx47wGJDBah4xw6c90=,BdSzNycR8Y3MdHooxU0vtOEPr3ZG9KD5p8wxHtvueUU=,validator,28020,1015721246857602
LHA2Gbme/AReIFXmxwD9m/Ae8sZ1d2U/DFRfecT72YM=,Vt63FfFzNMgUngrMvnKks+icySi5LwkjniJEJMZAimM=,validator,28020,620446711414784
/LlzNoccjtMUbW6fXa/3KKVa6JN+qwnGQrB4u631nR8=,C7he7BJPrgVrsGRm4m+OFcHlcNYOEPSGeerxvV/BsBA=,validator,28020,1222867035810912
LNSX1eLN+UD69AOtgRHzA80ET8AbbVBcGZKTxZw2TPw=,RlM7AQBuDeE7iLQcOG1lpFmp2MfwGa/UdzTytIMSM64=,key-manager,28020,0
lt3KIEsVunHEMDfgnekDbFFr7Y5aqXmNgbfJMzJzYDM=,5gBr+GeuXD6Dwbs1u0Nsrk0P/fbtdFou4W3JB0YGgSA=,validator,28020,0
lTC9wxlqYTUvXSV2bJxj0w2JWGdlY6pZFIx68V/qYB4=,7nCBfl1vRS4kn7G2yJZeZdwE8OFA4avUphWdCRrFhJM=,validator,28020,830842870629706
Lu0WKasV1u0Dx4TmbcrqnskNVpc1iP/+qCWTFKv+XPQ=,peLVyam58BHuhrsPoBZXnfCOA6FjRHsTtPz2h6ExIL8=,key-manager,28020,0
LupNjD/E7Mgn0TKmUZeQRUpNwDadUyKinseDz28px5A=,drOpGoCNcPxc+MpfbJU7KoBqQZa0eTQUdjTDpe3qvrY=,validator,28018,0
MDRdg2CAm8zmal3EJgzZJAJcj5ouKiSxu17o2pUuog0=,LaKJUKndAqH57DVExspTjdRTRNGJOSqArzM0pm8REZw=,compute,28020,0
MDvOFuiehs/VbW/s0e6DTn5b4fnsteQhCVd9E7T80Hs=,TWLcdgEfahwyFPTC7nN3rZacPO2aXlLfZIDt7uXbzEI=,validator,28020,814960569189426
mhPoPVhFGaGOmedQ4OGyMHFiDT9fufQDyMqXlP6mnm0=,RZowTXmfT+b6H6Vuz97VECIy2cq8tytTilv8AxbtvO8=,compute,28020,0
mIKW8IEDWZZxCRtDTvWQLpslvfUBwWxVAxLakwq25C8=,9yOiPY3NnNMpEzB+6XS/OqahzFwwX8mFhmT2fvbxlVI=,compute,28020,0
MJc6tzSAEQOxgduime6zcs8bhlfb79AaICG1Xi7fCFA=,pMObKfyj3dlGVgf55VX9NUAERkHLXteFvKExpOAn/tc=,validator,28018,0
MLczDReN6Kco4BF8GCI0+h1CALWxu37ZtWQNx+j3d8U=,UjRo9HS8ho/tkzQZyJ7AD//CqOuH0YvXILKTpmfD3dg=,validator,28018,0
MnmXWIpf1hEok0rIcynmHfYR6kvWuyH6VdCJARVN5oY=,RZowTXmfT+b6H6Vuz97VECIy2cq8tytTilv8AxbtvO8=,validator,28020,1753386695184028
mRRMUc8eU8zbqUWAiHDiBeRo6wqVImqQs91TxkGjuuU=,7DwKCCQV9THNLyTELQTBCWNPIHZJdAq7qGk1D7vx2zo=,validator,28020,609312901985023
mzyTqDaPTimoJtrBiZLBcEbSLbb4loUB3+AoeVmVsBI=,DIbPacWGEiealk+226eYEafYmKJpD98PYoWp/tcPXJI=,compute,28020,0
napBTcD5bfZJuheWQLWrfMnvr0mgdjrd93cTJzpJD1I=,7hvHIq4ykrbyJPaEiEGetCisIXHVGTdpMYv5JhSwGFY=,validator,28020,3136898082433037
nvzaqYTHiG3xo5C5TlfmfyvQgb5aQolfKzsVqT3T/RU=,6XvrCu3wqMKYc5a0d5UZzG7ZGeb3j//MzcqUMUHkMCk=,validator,28018,0
o5GsCptt8lelHPe2vSoEEBvSosOczh+cRom2+Gouhlo=,AX8zJsi0DnrrdwCi/8JJptXSy62kZgQcAYKlCYD4oN8=,validator,28020,1202125910888756
oFa261SRphbFBQ+QW6xcd9SZBMJrzsmDrYecSblNHv0=,aiTgGyYB2l4uAMG93Ajq5S4EXPIRkYDg1ICLjWD45Ck=,validator,28020,2862981564313518
oML3ffLYwPni7EcrkjQpK0/sPTe7Jq91VYnnd6HOin4=,kupW3Pt0XMeERSkdDWyZMU4oZrk0wGysVXVyqX3rylc=,validator,28020,0
ONNtkoEg0gKzrYd+ERdUz5Xq/D7S72IyCGbc6lJQcZk=,WqBX+RyP1S8WsCuxrkwk1KUEqpPxkMSYyvl0rjL+NCo=,validator,28020,271147567658254
OP7xxC8xk/KD+BHEePKcG/YKvz9OR48UORDaKvo31M4=,klORAmjq81QKiUA0CsXaANxYVesTWM7CKdaSlm7u9tM=,compute,28020,0
orWbpXiShG+xIy/BxDtokUdZwNCg3A4oNSbqkpjbvZQ=,RMa2ER0wvraR+4u5QOGOrRTwmMVOYNcOot7sFppPRP0=,validator,28020,3037726616151457
P5PjvHDpeiFQGxh4OTaO6qXwRC0AJfhlTfwPj0ZYEzA=,+uMsNOARzhq1lJfh7bcoa3/iiUeLSYPMkQHgYICUF2A=,validator,28020,343968025755934
p7pJUBSdgF4PfgKrn8JJl4xhVZXMu9h1TfNlAU5VjBU=,1JttHp0rBBBHDOpPl8fAiLTcN9tUzxJGjk7llFcvhZQ=,validator,28020,999968851435876
pGkBYly79y2gJUEOau8XN04ErcfwrObO+W5+CYXJW5k=,aiTgGyYB2l4uAMG93Ajq5S4EXPIRkYDg1ICLjWD45Ck=,compute,28020,0
pjWGVgRla8SJGvBWIP5gPPHgxsr1c2EOsUP5KJvQjgk=,wCGlLKUiTNr9Ba49YA6dDuqm9rdtPcKKsKzHqMBn+rc=,validator,28018,0
pnzDjfjrjsN+7TZJSw/HzZq+jA6HN3jPsSEOkh9kKWE=,iGs5cCGos/I5KQv82MwgGMNENaxy3bhuWdFXtINcu0U=,validator,28020,0
POpjxTxuw2cJsgtgzgfhrkPD3hVh2oYkHmELHonPgpQ=,BBba0XfI4WSTroE+/YGcFthxbEC5jQJhWhl0jIBwke0=,validator,28019,0
PsfFUQrXqGoFtowWZcoc8ilh8xHP94LvNYHvqQHpw1E=,zAhtGrpk1L3bBLaP5enm3natUTCoj7MEFryq9+MG4tE=,"compute,validator",28020,14409541602963357
QFAWexckwRHNxkIty67NCpY8LHwlrcGp/v0ziDSlgFs=,PrCDIA3uyoLqNOZJ1PrRWdyviFn6K0PWFz91qQ9QyTw=,validator,28020,1112337555150224
qnRAoObwndP/P9otTzQ/9Z2+vmSQ1Pch7G4tGBSTxCo=,FDqRmM1FyhaGas+lquWmGAKgMsU2rj7UESAlnOHtxco=,"compute,validator",28018,11813946657692259
QZIlX6n68y2iGuLleKPd+9bXxOs0LUhfcRDJqiJiw7s=,RZowTXmfT+b6H6Vuz97VECIy2cq8tytTilv8AxbtvO8=,compute,28020,0
r4AL9Xu6vOR+ktf4p7q1zo8Fsei9meit9J3orlyhpak=,RlDu2itOjxNzDEZsn95IY6CQzzDE3V218gcp6LtUv0c=,validator,28018,0
r5d6MxZK8vMb1P5y5NSzi4uiofaUk3rfAwvYw6sV3ms=,XSQLBoubhOq/X86vKIj4Xzouo1Fhe39+kLF/2PDgKpM=,compute,28020,0
RClDxygiGYEFeO90jnfHAIXm2QrP5TNQ5F50N77zKY4=,GDWO0+R7qSrWB0bvT+V2Kz6vlHcm6ZnaNQM2/FsFqEA=,validator,28020,964873416897829
rczLI7bYocBYyQ+bsnHPNPKc+SJpunQiuxip/tNlolw=,UFXCpcvXBOHbxtObG4psGcn+LgZOedvDDUAqVengpPk=,compute,28020,0
REB7DjPPyYCknxakN3MyAOS746YWJtgE41g9ac+oZXU=,cgXH87+sYoe2mXsdDKWCyRvWZ8JqnVnxJkCq09LlBoI=,validator,28020,1692078679396111
ROe9AtvfOFX6bu+5vhRCR87qYXSzp5NfELBqB3Hdgrw=,RFpWeibJDHnfgoq9mO1BJcxyDbIstDi22ZBhvgXvE1Y=,validator,28020,807504981753224
RyR58ibjevY8DqFHaqDfJhe1zm0XeY83hPk78qtcUic=,UFXCpcvXBOHbxtObG4psGcn+LgZOedvDDUAqVengpPk=,validator,28020,0
RzMsfs49HQDT5fIVKQ+flR/sCJjrkKDPsc5ZS6O7VdM=,WXs7ElBlm30la2fG4oZDpubeFu5sKkjDVeflWo+YuIA=,compute,28020,0
S2eoEMq6Qzms5Yd/fIOhSEacHp7Pym0BfgBEmsijEDw=,p1VsfSsedbKn/5GzkPsr15XD+/AOIfbPda1/2yT84N4=,compute,28020,0
SCA1zoR15jpC2eugP1P/CZBQhMjHEtmJ7+hWemgTdWo=,9D+kziTxFhg77+cyt+Fwd6eXREkZ1wHw7WX7VG57MeA=,validator,28020,17597413222050747
skPNqlh8lnR83RyK2clbAscktu5jY/fWq5OzcSZL6Iw=,erpPSkQwGnb9j+/qqyJmeRK2e1mhJc/Do78jNdpPjk0=,validator,28018,0
sLIgBDXHbMpBCAgKfn3TXaqo86PeX5G1+/fAiNWMcS8=,oOVxTw2hEYgYvSrTjjKODCt/Soy3OLcQV9YBy/PF/xY=,"compute,validator",28020,0
SnJS6IlyTGeQRNuk8dFv5w0aQbyz0Cwig+QRbLOh5yk=,rQUq2qJqmR3tTDKluo+6IW5gXjrcyUHN5Obtmzjh32g=,validator,28018,0
SWzqmOU0EDxeQvko0tvQStepEdSjTdqhMQNEfoRonvI=,1YeMK0NAZtE1ZK8u6KWddkKGZoD5VLfG9EAZI3b8HzE=,validator,28020,254393212178928
TK0FcEOwv/hU5TI8PqWrhQiOy8VfP0vc8m7QViD4VMo=,Y+ve+O0hlBco/1YzuFODIn7Jo3D5c9BOqduhc7KZM8E=,validator,28019,0
u0ljAJgP5+HyEykOsa+tEqXdKJD41/5bxJ5tAA9eIxg=,KVsiBHzBommqe0VwchA2QHqp/JT8B136up4Ru+r/xkg=,validator,28020,44819411114507
U7xmDzxndm9uL4qfFWau6d1dadgeH2yEP6q1L332lTE=,Z3uLK0KpBUE/sQcianpZy/Dkock7RzOOvI4TJnfJvik=,validator,28020,499328776195670
U+oQq8a984jhe0BAYJJwzOXaJMmRdxKIlLlfGQscRxU=,9yOiPY3NnNMpEzB+6XS/OqahzFwwX8mFhmT2fvbxlVI=,compute,28020,0
uvPTOOyC+Kb+Hl3Pw34S3/YC9IerAdZncyW08LIaTtw=,WazI78lMcmjyCH5+5RKkkfOTUR+XheHIohlqMu+a9As=,compute,28020,0
V1e0MLFxqQo79+Y9HL8EBao8oPsifyyTHlOlhVh6XaY=,aiTgGyYB2l4uAMG93Ajq5S4EXPIRkYDg1ICLjWD45Ck=,compute,28020,0
vBGuFf/8tdEMQPiiPggnLlWT9aCbIQgNcRM+EKh2kX0=,aOefxt5MUuXEbErxpD+ZttJWh/3d9if+t+PBTeAgKpo=,validator,28018,0
VHs9SQr/IC3ElqF1rNxFuCrkx/pWbhy46So19MQlZLE=,iNKCs9v4NJCuApCLPD4bRBoqTs/5DBxS0hourBkhxQo=,validator,28020,1657528755833713
vMQ22VnjLoqniEhCIaIIMvmIBykplV4rqawcGdvFAqY=,6reBpCKHsqMX1Y26o3p5V+95in5ka16I969CWyiRudY=,validator,28020,959530870979876
Vql2WfvlHnF0delOCNiV34Gizw05hCpZfsekGav7F9I=,AaemJ+W/+IKfvWQSVjwVFLU4M7g9VyDgbFQfWNqkU2Q=,validator,28018,0
vVcKIFmjqLRSp/sjKeX3yPQ3R/jf3lU2hAzXYd+4wnk=,BkBqXMdd10xDKn7b/iIXycHLBaroci6xoFxoEN1kQ+A=,validator,28018,0
wdxW8Bk1hZvQANQHRCO8MzbgRsdC5c7mpLjsNYLM82I=,/AI8TCLc1a5U98yBoxOji5bheVT1pc75v+tGDdM6se4=,"compute,validator",28018,0
wUwFhNRaqtIxt+rilTsggYm4Thwk8e6lxAUmWtYAyvY=,iNKCs9v4NJCuApCLPD4bRBoqTs/5DBxS0hourBkhxQo=,compute,28020,0
wZNYpW5PIb2M/Y8IlaBJ6YrHY89QV2JMT3CiNmou7Tg=,cVGc1fI6xu0WeI2GUrLIwDpH/JtBE3PwD+P66YkSKg8=,compute,28020,0
XanOOptLq+tmEky6Olf3dVO6HZcUJs8f6ESxIvMmO0E=,sDi9ZxHYB+rHTpVh4abNFXDMRSecfGe4QzbyGK8ZgQg=,validator,28020,1824442496831759
XCiPWblWT3n1aN2NI0vslmlfV9GOkxE2Ih2SI66ZR38=,nw+8VTk+LbrZ4mSmeKYuQGu/swFgAOpPB5ls4STzh1g=,"compute,validator",28018,3640942372791089
xHvUU4I+dQ4oKvlfe4IXoKi8OT8vdAgfszQ5ciPL6HI=,WazI78lMcmjyCH5+5RKkkfOTUR+XheHIohlqMu+a9As=,validator,28020,6898806920230617
y4LZvdQ/k9RBiPLSvBHt/8GhbOVEHY/LfIdgk0iXUho=,nZoBfua/odt7fZThkfzGQo2oBp8UnEj+VpG52SB8onM=,validator,28020,986014248909462
+Y5BKnMuB33ekK6AL+xbBLe1c4JECQwzIg7eAmSyrKE=,a4OjOCh3W8gDV15t2a1VQ2Nz7PABO262435/89jo8pE=,validator,28020,772537671934977
y6LXNa3NMtZzeXnz9GNBj9MZuSCwBvfBLkZu2YG2fU4=,cVGc1fI6xu0WeI2GUrLIwDpH/JtBE3PwD+P66YkSKg8=,validator,28020,2883968483941044
YOg6j3mfRIscs0oW+IzeiheXd8zS+6QVXZS/fPr8go4=,Ph5b+2q8cFT3ppda6yhlvZVZa/VnbNsaZ6+IMv29Qm8=,validator,28020,292630573267426
YojWrKWRRiPmKkHqMESHFz9iTFbeCpd7GL4CGpEAxkw=,1aTTEfSIcVxsPS86uIA7rSD2Jmb+aIVj1grCEjyzlzQ=,"compute,validator",28018,0
Y/wwhwec6KZFgmM25vKNCTw1FS71/9iv5Q2lWtFX2PA=,UDV5FoaIkssdSFWC4asZtxvsyagoyrIS5rPX8p/np2U=,validator,28020,3399658712683794
YyvKEbFTA9HS2WL763OQ+8HMe2AWdGt3D1j0h6I0x6c=,21+iPu/omYBN7X5cUY4QnD4b9VVuAiW/u8uABqt2VjM=,validator,28020,3721465390830823
ZbybO0JMEkwg1+LdEUTh8Vmx0d9u7RUZHZnD73gWpIs=,tcon38rBr3dHmURuXOTUFpDPKwE4eOU82F121rX9esE=,compute,28020,0
zibJtnvTpDotvOK3a3nNYmlYwg/K4TdZB781TQCEAT4=,N+3/m12DoAqzFS0yF3R/kXSkSj7pZnWhq8nRCo/MKwk=,compute,28020,0
+zVbgQqOdY90Z2NQKXFByNT0OwLxj/Ho4j4qT5u2yKM=,4gbOOU09bcyvM53Up1lTnP+sLb0feniJu0OcUUPCBSs=,"compute,validator",28018,1124823081342055
